Information: Updating design information... (UID-85)
Information: Timing loop detected. (OPT-150)
	state_reg[0]/QN state_reg[0]/Q 
Information: Timing loop detected. (OPT-150)
	state_reg[0]/QN state_reg[0]/Q 
Warning: Disabling timing arc between pins 'Q' and 'QN' on cell 'state_reg[0]'
         to break a timing loop. (OPT-314)
Warning: Disabling timing arc between pins 'Q' and 'QN' on cell 'state_reg[0]'
         to break a timing loop. (OPT-314)
Warning: Disabling timing arc between pins 'QN' and 'Q' on cell 'state_reg[1]'
         to break a timing loop. (OPT-314)
Warning: Disabling timing arc between pins 'QN' and 'Q' on cell 'state_reg[1]'
         to break a timing loop. (OPT-314)
Warning: Disabling timing arc between pins 'QN' and 'Q' on cell 'state_reg[3]'
         to break a timing loop. (OPT-314)
Warning: Disabling timing arc between pins 'QN' and 'Q' on cell 'state_reg[3]'
         to break a timing loop. (OPT-314)
Warning: Disabling timing arc between pins 'Q' and 'QN' on cell 'state_reg[2]'
         to break a timing loop. (OPT-314)
Warning: Disabling timing arc between pins 'Q' and 'QN' on cell 'state_reg[2]'
         to break a timing loop. (OPT-314)
Warning: Disabling timing arc between pins 'QN' and 'Q' on cell 'state_reg[4]'
         to break a timing loop. (OPT-314)
Warning: Disabling timing arc between pins 'QN' and 'Q' on cell 'state_reg[4]'
         to break a timing loop. (OPT-314)
 
****************************************
Report : constraint
        -all_violators
Design : fsm
Version: V-2023.12-SP3
Date   : Tue Apr 15 21:18:32 2025
****************************************


   max_leakage_power

                             Required        Actual
   Design                   Leakage Power  Leakage Power     Slack
   -----------------------------------------------------------------
   fsm                      0.000000       585.141479     -585.141479
                                                                    (VIOLATED)


1
