Information: Updating design information... (UID-85)
Information: Timing loop detected. (OPT-150)
	state_reg[0]/QN state_reg[0]/Q 
Information: Timing loop detected. (OPT-150)
	state_reg[0]/QN state_reg[0]/Q 
Warning: Disabling timing arc between pins 'Q' and 'QN' on cell 'state_reg[0]'
         to break a timing loop. (OPT-314)
Warning: Disabling timing arc between pins 'Q' and 'QN' on cell 'state_reg[0]'
         to break a timing loop. (OPT-314)
Warning: Disabling timing arc between pins 'Q' and 'QN' on cell 'state_reg[1]'
         to break a timing loop. (OPT-314)
Warning: Disabling timing arc between pins 'Q' and 'QN' on cell 'state_reg[1]'
         to break a timing loop. (OPT-314)
 
****************************************
Report : constraint
        -all_violators
Design : fsm_test
Version: V-2023.12-SP3
Date   : Tue Apr 22 11:08:48 2025
****************************************


   max_leakage_power

                             Required        Actual
   Design                   Leakage Power  Leakage Power     Slack
   -----------------------------------------------------------------
   fsm_test                 0.000000       89.641975      -89.641975
                                                                    (VIOLATED)


1
