--> WARNING: A timing loop was found in the design. The arc from '\state_reg[1] 
             /QN' to '\state_reg[1] /Q' has been cut . A description of the 
             timing loop follows <TA-112>.
     +---------------------------+ 
     |        Pin        |  Cell | 
     |-------------------+-------| 
     |  \state_reg[1] /Q | DFFX1 | 
     | \state_reg[1] /QN | DFFX1 | 
     |  \state_reg[1] /Q | DFFX1 | 
     +---------------------------+ 
--> WARNING: A timing loop was found in the design. The arc from '\state_reg[3] 
             /Q' to '\state_reg[3] /QN' has been cut . A description of the 
             timing loop follows <TA-112>.
     +---------------------------+ 
     |        Pin        |  Cell | 
     |-------------------+-------| 
     | \state_reg[3] /QN | DFFX1 | 
     |  \state_reg[3] /Q | DFFX1 | 
     | \state_reg[3] /QN | DFFX1 | 
     +---------------------------+ 
--> WARNING: A timing loop was found in the design. The arc from '\state_reg[2] 
             /QN' to '\state_reg[2] /Q' has been cut . A description of the 
             timing loop follows <TA-112>.
     +---------------------------+ 
     |        Pin        |  Cell | 
     |-------------------+-------| 
     |  \state_reg[2] /Q | DFFX1 | 
     | \state_reg[2] /QN | DFFX1 | 
     |  \state_reg[2] /Q | DFFX1 | 
     +---------------------------+ 
--> WARNING: A timing loop was found in the design. The arc from '\state_reg[0] 
             /Q' to '\state_reg[0] /QN' has been cut . A description of the 
             timing loop follows <TA-112>.
     +---------------------------+ 
     |        Pin        |  Cell | 
     |-------------------+-------| 
     | \state_reg[0] /QN | DFFX1 | 
     |  \state_reg[0] /Q | DFFX1 | 
     | \state_reg[0] /QN | DFFX1 | 
     +---------------------------+ 
--> WARNING: A timing loop was found in the design. The arc from '\state_reg[4] 
             /Q' to '\state_reg[4] /QN' has been cut . A description of the 
             timing loop follows <TA-112>.
     +---------------------------+ 
     |        Pin        |  Cell | 
     |-------------------+-------| 
     | \state_reg[4] /QN | DFFX1 | 
     |  \state_reg[4] /Q | DFFX1 | 
     | \state_reg[4] /QN | DFFX1 | 
     +---------------------------+ 
