###############################################################
#  Generated by:      Cadence Innovus 21.16-s078_1
#  OS:                Linux x86_64(Host ID yukari.ecen.okstate.edu)
#  Generated on:      Thu Apr 10 15:18:23 2025
#  Design:            fsm
#  Command:           verifyMetalDensity
###############################################################

Verify Density report created on Thu Apr 10 15:18:23 2025

###############################################################
# Layer       M1 - Window size      : 100.0um X 97.8um
# Layer       M1 - Window step      : 50.0um X 97.8um
# Layer       M1 - Min Density      : 20%
# Layer       M1 - Pref Density     : 35%
# Layer       M1 - Max Density      : 80%
# Layer       M1 - Ext Density      : 35%
# Layer       M2 - Window size      : 100.0um X 97.8um
# Layer       M2 - Window step      : 50.0um X 97.8um
# Layer       M2 - Min Density      : 20%
# Layer       M2 - Pref Density     : 35%
# Layer       M2 - Max Density      : 80%
# Layer       M2 - Ext Density      : 35%
# Layer       M3 - Window size      : 100.0um X 97.8um
# Layer       M3 - Window step      : 50.0um X 97.8um
# Layer       M3 - Min Density      : 20%
# Layer       M3 - Pref Density     : 35%
# Layer       M3 - Max Density      : 80%
# Layer       M3 - Ext Density      : 35%
# Layer       M4 - Window size      : 100.0um X 97.8um
# Layer       M4 - Window step      : 50.0um X 97.8um
# Layer       M4 - Min Density      : 20%
# Layer       M4 - Pref Density     : 35%
# Layer       M4 - Max Density      : 80%
# Layer       M4 - Ext Density      : 35%
# Layer       M5 - Window size      : 100.0um X 97.8um
# Layer       M5 - Window step      : 50.0um X 97.8um
# Layer       M5 - Min Density      : 20%
# Layer       M5 - Pref Density     : 35%
# Layer       M5 - Max Density      : 80%
# Layer       M5 - Ext Density      : 35%
# Layer       M6 - Window size      : 100.0um X 97.8um
# Layer       M6 - Window step      : 50.0um X 97.8um
# Layer       M6 - Min Density      : 20%
# Layer       M6 - Pref Density     : 35%
# Layer       M6 - Max Density      : 80%
# Layer       M6 - Ext Density      : 35%
# Layer       M7 - Window size      : 100.0um X 97.8um
# Layer       M7 - Window step      : 50.0um X 97.8um
# Layer       M7 - Min Density      : 20%
# Layer       M7 - Pref Density     : 35%
# Layer       M7 - Max Density      : 80%
# Layer       M7 - Ext Density      : 35%
###############################################################


    Layer    Density(%)          Window  
***************************************************

      M7       16.36    (0 0) (100 97.8)
      M7       16.36    (0.355 0) (100.355 97.8)


A total of 2 density violation(s).
Windows < Min. Density = 2
Windows > Max. Density = 0
Windows < Min. Union. Density = 0
Windows > Max. Union. Density = 0
