###############################################################
#  Generated by:      Cadence Innovus 21.16-s078_1
#  OS:                Linux x86_64(Host ID yukari.ecen.okstate.edu)
#  Generated on:      Thu Apr 10 15:18:24 2025
#  Design:            fsm
#  Command:           report_timing -net -max_paths 10 -nworst 1 > $vars(rpt_dir)/timing.critical.rpt
###############################################################
Path 1: MET Late External Delay Assertion 
Endpoint:   load_regc       (v) checked with  leading edge of 'clk'
Beginpoint: state_reg[1]/QN (v) triggered by  leading edge of 'clk'
Path Groups: {clk}
Analysis View: setup_func
Other End Arrival Time          0.000
- External Delay                0.000
+ Phase Shift                   2.000
- Uncertainty                   0.200
= Required Time                 1.800
- Arrival Time                  1.320
= Slack Time                    0.480
     Clock Rise Edge                 0.000
     + Clock Network Latency (Prop)  0.003
     = Beginpoint Arrival Time       0.003
     +--------------------------------------------------------------------------------------------------------------------+ 
     |   Instance   |      Arc      |  Cell   |     Net     | Fanout |  Load |  Slew | Delay |  Incr | Arrival | Required | 
     |              |               |         |             |        |       |       |       | Delay |  Time   |   Time   | 
     |--------------+---------------+---------+-------------+--------+-------+-------+-------+-------+---------+----------| 
     | state_reg[1] | CLK ^         |         | clk         |      5 | 0.121 | 0.004 |       |       |   0.003 |    0.483 | 
     | state_reg[1] | CLK ^ -> QN v | DFFX1   | n178        |        | 0.098 | 0.249 | 0.479 | 0.000 |   0.482 |    0.963 | 
     | U112         |               | NAND2X1 | n178        |      8 | 0.098 | 0.250 | 0.005 | 0.000 |   0.487 |    0.967 | 
     | U112         | B v -> Y ^    | NAND2X1 | n131        |        | 0.022 | 0.106 | 0.101 | 0.000 |   0.588 |    1.068 | 
     | U113         |               | INVX1   | n131        |      2 | 0.022 | 0.106 | 0.000 | 0.000 |   0.588 |    1.069 | 
     | U113         | A ^ -> Y v    | INVX1   | n130        |        | 0.022 | 0.042 | 0.043 | 0.000 |   0.631 |    1.111 | 
     | U115         |               | NOR2X1  | n130        |      2 | 0.022 | 0.042 | 0.000 | 0.000 |   0.631 |    1.112 | 
     | U115         | A v -> Y ^    | NOR2X1  | n154        |        | 0.049 | 0.220 | 0.165 | 0.000 |   0.797 |    1.277 | 
     | U116         |               | NOR2X1  | n154        |      4 | 0.049 | 0.221 | 0.002 | 0.000 |   0.798 |    1.279 | 
     | U116         | A ^ -> Y v    | NOR2X1  | n121        |        | 0.022 | 0.077 | 0.074 | 0.000 |   0.872 |    1.353 | 
     | U119         |               | NAND2X1 | n121        |      2 | 0.022 | 0.077 | 0.000 | 0.000 |   0.873 |    1.353 | 
     | U119         | A v -> Y ^    | NAND2X1 | n90         |        | 0.011 | 0.043 | 0.055 | 0.000 |   0.928 |    1.408 | 
     | U125         |               | NAND2X1 | n90         |      1 | 0.011 | 0.043 | 0.000 | 0.000 |   0.928 |    1.408 | 
     | U125         | A ^ -> Y v    | NAND2X1 | sel_muxa[2] |        | 0.053 | 0.119 | 0.110 | 0.000 |   1.037 |    1.518 | 
     | U126         |               | INVX1   | sel_muxa[2] |      2 | 0.053 | 0.119 | 0.001 | 0.000 |   1.038 |    1.518 | 
     | U126         | A v -> Y ^    | INVX1   | n92         |        | 0.011 | 0.047 | 0.051 | 0.000 |   1.089 |    1.569 | 
     | U131         |               | NAND3X1 | n92         |      1 | 0.011 | 0.047 | 0.000 | 0.000 |   1.089 |    1.569 | 
     | U131         | A ^ -> Y v    | NAND3X1 | load_rega   |        | 0.082 | 0.272 | 0.230 | 0.000 |   1.319 |    1.799 | 
     |              |               | fsm     | load_rega   |      2 | 0.082 | 0.272 | 0.001 | 0.000 |   1.320 |    1.800 | 
     +--------------------------------------------------------------------------------------------------------------------+ 
Path 2: MET Late External Delay Assertion 
Endpoint:   load_rega       (v) checked with  leading edge of 'clk'
Beginpoint: state_reg[1]/QN (v) triggered by  leading edge of 'clk'
Path Groups: {clk}
Analysis View: setup_func
Other End Arrival Time          0.000
- External Delay                0.000
+ Phase Shift                   2.000
- Uncertainty                   0.200
= Required Time                 1.800
- Arrival Time                  1.320
= Slack Time                    0.480
     Clock Rise Edge                 0.000
     + Clock Network Latency (Prop)  0.003
     = Beginpoint Arrival Time       0.003
     +--------------------------------------------------------------------------------------------------------------------+ 
     |   Instance   |      Arc      |  Cell   |     Net     | Fanout |  Load |  Slew | Delay |  Incr | Arrival | Required | 
     |              |               |         |             |        |       |       |       | Delay |  Time   |   Time   | 
     |--------------+---------------+---------+-------------+--------+-------+-------+-------+-------+---------+----------| 
     | state_reg[1] | CLK ^         |         | clk         |      5 | 0.121 | 0.004 |       |       |   0.003 |    0.483 | 
     | state_reg[1] | CLK ^ -> QN v | DFFX1   | n178        |        | 0.098 | 0.249 | 0.479 | 0.000 |   0.482 |    0.963 | 
     | U112         |               | NAND2X1 | n178        |      8 | 0.098 | 0.250 | 0.005 | 0.000 |   0.487 |    0.967 | 
     | U112         | B v -> Y ^    | NAND2X1 | n131        |        | 0.022 | 0.106 | 0.101 | 0.000 |   0.588 |    1.068 | 
     | U113         |               | INVX1   | n131        |      2 | 0.022 | 0.106 | 0.000 | 0.000 |   0.588 |    1.069 | 
     | U113         | A ^ -> Y v    | INVX1   | n130        |        | 0.022 | 0.042 | 0.043 | 0.000 |   0.631 |    1.111 | 
     | U115         |               | NOR2X1  | n130        |      2 | 0.022 | 0.042 | 0.000 | 0.000 |   0.631 |    1.112 | 
     | U115         | A v -> Y ^    | NOR2X1  | n154        |        | 0.049 | 0.220 | 0.165 | 0.000 |   0.797 |    1.277 | 
     | U116         |               | NOR2X1  | n154        |      4 | 0.049 | 0.221 | 0.002 | 0.000 |   0.798 |    1.279 | 
     | U116         | A ^ -> Y v    | NOR2X1  | n121        |        | 0.022 | 0.077 | 0.074 | 0.000 |   0.872 |    1.353 | 
     | U119         |               | NAND2X1 | n121        |      2 | 0.022 | 0.077 | 0.000 | 0.000 |   0.873 |    1.353 | 
     | U119         | A v -> Y ^    | NAND2X1 | n90         |        | 0.011 | 0.043 | 0.055 | 0.000 |   0.928 |    1.408 | 
     | U125         |               | NAND2X1 | n90         |      1 | 0.011 | 0.043 | 0.000 | 0.000 |   0.928 |    1.408 | 
     | U125         | A ^ -> Y v    | NAND2X1 | sel_muxa[2] |        | 0.053 | 0.119 | 0.110 | 0.000 |   1.037 |    1.518 | 
     | U126         |               | INVX1   | sel_muxa[2] |      2 | 0.053 | 0.119 | 0.001 | 0.000 |   1.038 |    1.518 | 
     | U126         | A v -> Y ^    | INVX1   | n92         |        | 0.011 | 0.047 | 0.051 | 0.000 |   1.089 |    1.569 | 
     | U131         |               | NAND3X1 | n92         |      1 | 0.011 | 0.047 | 0.000 | 0.000 |   1.089 |    1.569 | 
     | U131         | A ^ -> Y v    | NAND3X1 | load_rega   |        | 0.082 | 0.272 | 0.230 | 0.000 |   1.319 |    1.799 | 
     |              |               | fsm     | load_rega   |      2 | 0.082 | 0.272 | 0.001 | 0.000 |   1.320 |    1.800 | 
     +--------------------------------------------------------------------------------------------------------------------+ 
Path 3: MET Late External Delay Assertion 
Endpoint:   sel_muxa[0]     (^) checked with  leading edge of 'clk'
Beginpoint: state_reg[3]/QN (v) triggered by  leading edge of 'clk'
Path Groups: {clk}
Analysis View: setup_func
Other End Arrival Time          0.000
- External Delay                0.000
+ Phase Shift                   2.000
- Uncertainty                   0.200
= Required Time                 1.800
- Arrival Time                  1.293
= Slack Time                    0.507
     Clock Rise Edge                 0.000
     + Clock Network Latency (Prop)  0.001
     = Beginpoint Arrival Time       0.001
     +--------------------------------------------------------------------------------------------------------------------+ 
     |   Instance   |      Arc      |  Cell   |     Net     | Fanout |  Load |  Slew | Delay |  Incr | Arrival | Required | 
     |              |               |         |             |        |       |       |       | Delay |  Time   |   Time   | 
     |--------------+---------------+---------+-------------+--------+-------+-------+-------+-------+---------+----------| 
     | state_reg[3] | CLK ^         |         | clk         |      5 | 0.121 | 0.004 |       |       |   0.001 |    0.508 | 
     | state_reg[3] | CLK ^ -> QN v | DFFX1   | n177        |        | 0.112 | 0.284 | 0.524 | 0.000 |   0.525 |    1.032 | 
     | U107         |               | NOR2X1  | n177        |      9 | 0.112 | 0.285 | 0.002 | 0.000 |   0.526 |    1.033 | 
     | U107         | A v -> Y ^    | NOR2X1  | n164        |        | 0.052 | 0.251 | 0.248 | 0.000 |   0.774 |    1.281 | 
     | U109         |               | NAND2X1 | n164        |      4 | 0.052 | 0.251 | 0.002 | 0.000 |   0.776 |    1.283 | 
     | U109         | A ^ -> Y v    | NAND2X1 | n147        |        | 0.024 | 0.102 | 0.094 | 0.000 |   0.870 |    1.377 | 
     | U110         |               | INVX1   | n147        |      2 | 0.024 | 0.102 | 0.000 | 0.000 |   0.870 |    1.377 | 
     | U110         | A v -> Y ^    | INVX1   | load_regr   |        | 0.094 | 0.171 | 0.154 | 0.000 |   1.024 |    1.531 | 
     | U153         |               | NAND2X1 | load_regr   |      3 | 0.094 | 0.171 | 0.001 | 0.000 |   1.025 |    1.532 | 
     | U153         | B ^ -> Y v    | NAND2X1 | n103        |        | 0.023 | 0.072 | 0.078 | 0.000 |   1.103 |    1.610 | 
     | U156         |               | NAND2X1 | n103        |      2 | 0.023 | 0.072 | 0.000 | 0.000 |   1.103 |    1.610 | 
     | U156         | B v -> Y ^    | NAND2X1 | n110        |        | 0.024 | 0.064 | 0.062 | 0.000 |   1.166 |    1.673 | 
     | U159         |               | NOR2X1  | n110        |      2 | 0.024 | 0.064 | 0.000 | 0.000 |   1.166 |    1.673 | 
     | U159         | A ^ -> Y v    | NOR2X1  | n108        |        | 0.011 | 0.033 | 0.039 | 0.000 |   1.205 |    1.712 | 
     | U161         |               | NAND3X1 | n108        |      1 | 0.011 | 0.033 | 0.000 | 0.000 |   1.205 |    1.712 | 
     | U161         | B v -> Y ^    | NAND3X1 | sel_muxa[0] |        | 0.043 | 0.111 | 0.087 | 0.000 |   1.292 |    1.799 | 
     |              |               | fsm     | sel_muxa[0] |      1 | 0.043 | 0.111 | 0.001 | 0.000 |   1.293 |    1.800 | 
     +--------------------------------------------------------------------------------------------------------------------+ 
Path 4: MET Late External Delay Assertion 
Endpoint:   sel_muxa[1]     (^) checked with  leading edge of 'clk'
Beginpoint: state_reg[3]/QN (v) triggered by  leading edge of 'clk'
Path Groups: {clk}
Analysis View: setup_func
Other End Arrival Time          0.000
- External Delay                0.000
+ Phase Shift                   2.000
- Uncertainty                   0.200
= Required Time                 1.800
- Arrival Time                  1.286
= Slack Time                    0.514
     Clock Rise Edge                 0.000
     + Clock Network Latency (Prop)  0.001
     = Beginpoint Arrival Time       0.001
     +--------------------------------------------------------------------------------------------------------------------+ 
     |   Instance   |      Arc      |  Cell   |     Net     | Fanout |  Load |  Slew | Delay |  Incr | Arrival | Required | 
     |              |               |         |             |        |       |       |       | Delay |  Time   |   Time   | 
     |--------------+---------------+---------+-------------+--------+-------+-------+-------+-------+---------+----------| 
     | state_reg[3] | CLK ^         |         | clk         |      5 | 0.121 | 0.004 |       |       |   0.001 |    0.515 | 
     | state_reg[3] | CLK ^ -> QN v | DFFX1   | n177        |        | 0.112 | 0.284 | 0.524 | 0.000 |   0.525 |    1.039 | 
     | U107         |               | NOR2X1  | n177        |      9 | 0.112 | 0.285 | 0.002 | 0.000 |   0.526 |    1.041 | 
     | U107         | A v -> Y ^    | NOR2X1  | n164        |        | 0.052 | 0.251 | 0.248 | 0.000 |   0.775 |    1.289 | 
     | U109         |               | NAND2X1 | n164        |      4 | 0.052 | 0.251 | 0.002 | 0.000 |   0.776 |    1.290 | 
     | U109         | A ^ -> Y v    | NAND2X1 | n147        |        | 0.024 | 0.102 | 0.094 | 0.000 |   0.870 |    1.384 | 
     | U110         |               | INVX1   | n147        |      2 | 0.024 | 0.102 | 0.000 | 0.000 |   0.870 |    1.385 | 
     | U110         | A v -> Y ^    | INVX1   | load_regr   |        | 0.094 | 0.171 | 0.154 | 0.000 |   1.024 |    1.538 | 
     | U153         |               | NAND2X1 | load_regr   |      3 | 0.094 | 0.171 | 0.001 | 0.000 |   1.025 |    1.539 | 
     | U153         | B ^ -> Y v    | NAND2X1 | n103        |        | 0.023 | 0.072 | 0.078 | 0.000 |   1.103 |    1.617 | 
     | U156         |               | NAND2X1 | n103        |      2 | 0.023 | 0.072 | 0.000 | 0.000 |   1.103 |    1.618 | 
     | U156         | B v -> Y ^    | NAND2X1 | n110        |        | 0.024 | 0.064 | 0.062 | 0.000 |   1.166 |    1.680 | 
     | U162         |               | INVX1   | n110        |      2 | 0.024 | 0.064 | 0.000 | 0.000 |   1.166 |    1.680 | 
     | U162         | A ^ -> Y v    | INVX1   | n119        |        | 0.012 | 0.026 | 0.029 | 0.000 |   1.195 |    1.709 | 
     | U169         |               | NAND3X1 | n119        |      1 | 0.012 | 0.026 | 0.000 | 0.000 |   1.195 |    1.709 | 
     | U169         | A v -> Y ^    | NAND3X1 | sel_muxa[1] |        | 0.043 | 0.106 | 0.089 | 0.000 |   1.285 |    1.799 | 
     |              |               | fsm     | sel_muxa[1] |      1 | 0.043 | 0.106 | 0.001 | 0.000 |   1.286 |    1.800 | 
     +--------------------------------------------------------------------------------------------------------------------+ 
Path 5: MET Setup Check with Pin state_reg[4]/CLK 
Endpoint:   state_reg[4]/D  (^) checked with  leading edge of 'clk'
Beginpoint: state_reg[3]/QN (v) triggered by  leading edge of 'clk'
Path Groups: {clk}
Analysis View: setup_func
Other End Arrival Time          0.002
- Setup                         0.124
+ Phase Shift                   2.000
- Uncertainty                   0.200
= Required Time                 1.678
- Arrival Time                  1.118
= Slack Time                    0.561
     Clock Rise Edge                 0.000
     + Clock Network Latency (Prop)  0.001
     = Beginpoint Arrival Time       0.001
     +-----------------------------------------------------------------------------------------------------------------+ 
     |   Instance   |      Arc      |  Cell   |   Net    | Fanout |  Load |  Slew | Delay |  Incr | Arrival | Required | 
     |              |               |         |          |        |       |       |       | Delay |  Time   |   Time   | 
     |--------------+---------------+---------+----------+--------+-------+-------+-------+-------+---------+----------| 
     | state_reg[3] | CLK ^         |         | clk      |      5 | 0.121 | 0.004 |       |       |   0.001 |    0.562 | 
     | state_reg[3] | CLK ^ -> QN v | DFFX1   | n177     |        | 0.112 | 0.284 | 0.524 | 0.000 |   0.525 |    1.086 | 
     | state_reg[3] | QN v -> Q ^   | DFFX1   | state[3] |        | 0.027 | 0.090 | 0.069 | 0.000 |   0.594 |    1.155 | 
     | U128         |               | AND3X1  | state[3] |      2 | 0.027 | 0.090 | 0.001 | 0.000 |   0.595 |    1.155 | 
     | U128         | B ^ -> Y ^    | AND3X1  | n155     |        | 0.060 | 0.115 | 0.171 | 0.000 |   0.766 |    1.327 | 
     | U140         |               | NAND2X1 | n155     |      5 | 0.060 | 0.115 | 0.001 | 0.000 |   0.767 |    1.327 | 
     | U140         | B ^ -> Y v    | NAND2X1 | n114     |        | 0.037 | 0.089 | 0.090 | 0.000 |   0.856 |    1.417 | 
     | U148         |               | OR2X1   | n114     |      3 | 0.037 | 0.089 | 0.001 | 0.000 |   0.857 |    1.418 | 
     | U148         | B v -> Y v    | OR2X1   | n127     |        | 0.022 | 0.041 | 0.113 | 0.000 |   0.970 |    1.531 | 
     | U149         |               | NAND2X1 | n127     |      2 | 0.022 | 0.041 | 0.000 | 0.000 |   0.970 |    1.531 | 
     | U149         | B v -> Y ^    | NAND2X1 | n171     |        | 0.025 | 0.072 | 0.054 | 0.000 |   1.024 |    1.585 | 
     | U209         |               | NOR2X1  | n171     |      2 | 0.025 | 0.072 | 0.001 | 0.000 |   1.025 |    1.585 | 
     | U209         | A ^ -> Y v    | NOR2X1  | n172     |        | 0.012 | 0.031 | 0.041 | 0.000 |   1.066 |    1.627 | 
     | U210         |               | NOR2X1  | n172     |      1 | 0.012 | 0.031 | 0.000 | 0.000 |   1.066 |    1.627 | 
     | U210         | B v -> Y ^    | NOR2X1  | N36      |        | 0.011 | 0.064 | 0.052 | 0.000 |   1.118 |    1.678 | 
     | state_reg[4] |               | DFFX1   | N36      |      1 | 0.011 | 0.064 | 0.000 | 0.000 |   1.118 |    1.678 | 
     +-----------------------------------------------------------------------------------------------------------------+ 
Path 6: MET Setup Check with Pin state_reg[0]/CLK 
Endpoint:   state_reg[0]/D  (^) checked with  leading edge of 'clk'
Beginpoint: state_reg[3]/QN (v) triggered by  leading edge of 'clk'
Path Groups: {clk}
Analysis View: setup_func
Other End Arrival Time          0.002
- Setup                         0.124
+ Phase Shift                   2.000
- Uncertainty                   0.200
= Required Time                 1.678
- Arrival Time                  1.115
= Slack Time                    0.563
     Clock Rise Edge                 0.000
     + Clock Network Latency (Prop)  0.001
     = Beginpoint Arrival Time       0.001
     +-----------------------------------------------------------------------------------------------------------------+ 
     |   Instance   |      Arc      |  Cell  |    Net    | Fanout |  Load |  Slew | Delay |  Incr | Arrival | Required | 
     |              |               |        |           |        |       |       |       | Delay |  Time   |   Time   | 
     |--------------+---------------+--------+-----------+--------+-------+-------+-------+-------+---------+----------| 
     | state_reg[3] | CLK ^         |        | clk       |      5 | 0.121 | 0.004 |       |       |   0.001 |    0.564 | 
     | state_reg[3] | CLK ^ -> QN v | DFFX1  | n177      |        | 0.112 | 0.284 | 0.524 | 0.000 |   0.525 |    1.088 | 
     | U107         |               | NOR2X1 | n177      |      9 | 0.112 | 0.285 | 0.002 | 0.000 |   0.526 |    1.089 | 
     | U107         | A v -> Y ^    | NOR2X1 | n164      |        | 0.052 | 0.251 | 0.248 | 0.000 |   0.774 |    1.338 | 
     | U181         |               | AND2X1 | n164      |      4 | 0.052 | 0.251 | 0.001 | 0.000 |   0.775 |    1.339 | 
     | U181         | B ^ -> Y ^    | AND2X1 | load_regs |        | 0.054 | 0.105 | 0.170 | 0.000 |   0.945 |    1.508 | 
     | U185         |               | NOR2X1 | load_regs |      2 | 0.054 | 0.105 | 0.000 | 0.000 |   0.945 |    1.508 | 
     | U185         | A ^ -> Y v    | NOR2X1 | n135      |        | 0.011 | 0.037 | 0.045 | 0.000 |   0.991 |    1.554 | 
     | U186         |               | AND3X1 | n135      |      1 | 0.011 | 0.037 | 0.000 | 0.000 |   0.991 |    1.554 | 
     | U186         | C v -> Y v    | AND3X1 | n138      |        | 0.015 | 0.025 | 0.075 | 0.000 |   1.065 |    1.628 | 
     | U187         |               | NOR2X1 | n138      |      1 | 0.015 | 0.025 | 0.000 | 0.000 |   1.066 |    1.629 | 
     | U187         | B v -> Y ^    | NOR2X1 | N32       |        | 0.011 | 0.063 | 0.049 | 0.000 |   1.115 |    1.678 | 
     | state_reg[0] |               | DFFX1  | N32       |      1 | 0.011 | 0.063 | 0.000 | 0.000 |   1.115 |    1.678 | 
     +-----------------------------------------------------------------------------------------------------------------+ 
Path 7: MET Late External Delay Assertion 
Endpoint:   sel_muxb[2]     (^) checked with  leading edge of 'clk'
Beginpoint: state_reg[3]/QN (v) triggered by  leading edge of 'clk'
Path Groups: {clk}
Analysis View: setup_func
Other End Arrival Time          0.000
- External Delay                0.000
+ Phase Shift                   2.000
- Uncertainty                   0.200
= Required Time                 1.800
- Arrival Time                  1.195
= Slack Time                    0.605
     Clock Rise Edge                 0.000
     + Clock Network Latency (Prop)  0.001
     = Beginpoint Arrival Time       0.001
     +--------------------------------------------------------------------------------------------------------------------+ 
     |   Instance   |      Arc      |  Cell   |     Net     | Fanout |  Load |  Slew | Delay |  Incr | Arrival | Required | 
     |              |               |         |             |        |       |       |       | Delay |  Time   |   Time   | 
     |--------------+---------------+---------+-------------+--------+-------+-------+-------+-------+---------+----------| 
     | state_reg[3] | CLK ^         |         | clk         |      5 | 0.121 | 0.004 |       |       |   0.001 |    0.606 | 
     | state_reg[3] | CLK ^ -> QN v | DFFX1   | n177        |        | 0.112 | 0.284 | 0.524 | 0.000 |   0.525 |    1.130 | 
     | U107         |               | NOR2X1  | n177        |      9 | 0.112 | 0.285 | 0.002 | 0.000 |   0.526 |    1.132 | 
     | U107         | A v -> Y ^    | NOR2X1  | n164        |        | 0.052 | 0.251 | 0.248 | 0.000 |   0.774 |    1.380 | 
     | U109         |               | NAND2X1 | n164        |      4 | 0.052 | 0.251 | 0.002 | 0.000 |   0.776 |    1.381 | 
     | U109         | A ^ -> Y v    | NAND2X1 | n147        |        | 0.024 | 0.102 | 0.094 | 0.000 |   0.870 |    1.475 | 
     | U110         |               | INVX1   | n147        |      2 | 0.024 | 0.102 | 0.000 | 0.000 |   0.870 |    1.475 | 
     | U110         | A v -> Y ^    | INVX1   | load_regr   |        | 0.094 | 0.171 | 0.154 | 0.000 |   1.024 |    1.629 | 
     | U153         |               | NAND2X1 | load_regr   |      3 | 0.094 | 0.171 | 0.001 | 0.000 |   1.025 |    1.630 | 
     | U153         | B ^ -> Y v    | NAND2X1 | n103        |        | 0.023 | 0.072 | 0.078 | 0.000 |   1.103 |    1.708 | 
     | U154         |               | NAND2X1 | n103        |      2 | 0.023 | 0.072 | 0.000 | 0.000 |   1.103 |    1.709 | 
     | U154         | B v -> Y ^    | NAND2X1 | sel_muxb[2] |        | 0.042 | 0.099 | 0.091 | 0.000 |   1.194 |    1.799 | 
     |              |               | fsm     | sel_muxb[2] |      1 | 0.042 | 0.099 | 0.001 | 0.000 |   1.195 |    1.800 | 
     +--------------------------------------------------------------------------------------------------------------------+ 
Path 8: MET Setup Check with Pin state_reg[3]/CLK 
Endpoint:   state_reg[3]/D  (^) checked with  leading edge of 'clk'
Beginpoint: state_reg[1]/QN (v) triggered by  leading edge of 'clk'
Path Groups: {clk}
Analysis View: setup_func
Other End Arrival Time          0.001
- Setup                         0.124
+ Phase Shift                   2.000
- Uncertainty                   0.200
= Required Time                 1.676
- Arrival Time                  1.035
= Slack Time                    0.642
     Clock Rise Edge                 0.000
     + Clock Network Latency (Prop)  0.003
     = Beginpoint Arrival Time       0.003
     +-------------------------------------------------------------------------------------------------------------+ 
     |   Instance   |      Arc      |  Cell   |  Net | Fanout |  Load |  Slew | Delay |  Incr | Arrival | Required | 
     |              |               |         |      |        |       |       |       | Delay |  Time   |   Time   | 
     |--------------+---------------+---------+------+--------+-------+-------+-------+-------+---------+----------| 
     | state_reg[1] | CLK ^         |         | clk  |      5 | 0.121 | 0.004 |       |       |   0.003 |    0.645 | 
     | state_reg[1] | CLK ^ -> QN v | DFFX1   | n178 |        | 0.098 | 0.249 | 0.479 | 0.000 |   0.482 |    1.124 | 
     | U112         |               | NAND2X1 | n178 |      8 | 0.098 | 0.250 | 0.005 | 0.000 |   0.487 |    1.129 | 
     | U112         | B v -> Y ^    | NAND2X1 | n131 |        | 0.022 | 0.106 | 0.101 | 0.000 |   0.588 |    1.229 | 
     | U113         |               | INVX1   | n131 |      2 | 0.022 | 0.106 | 0.000 | 0.000 |   0.588 |    1.230 | 
     | U113         | A ^ -> Y v    | INVX1   | n130 |        | 0.022 | 0.042 | 0.043 | 0.000 |   0.631 |    1.273 | 
     | U115         |               | NOR2X1  | n130 |      2 | 0.022 | 0.042 | 0.000 | 0.000 |   0.631 |    1.273 | 
     | U115         | A v -> Y ^    | NOR2X1  | n154 |        | 0.049 | 0.220 | 0.165 | 0.000 |   0.797 |    1.438 | 
     | U199         |               | NAND2X1 | n154 |      4 | 0.049 | 0.221 | 0.001 | 0.000 |   0.798 |    1.439 | 
     | U199         | B ^ -> Y v    | NAND2X1 | n167 |        | 0.024 | 0.088 | 0.088 | 0.000 |   0.885 |    1.527 | 
     | U206         |               | AND3X1  | n167 |      2 | 0.024 | 0.088 | 0.001 | 0.000 |   0.886 |    1.528 | 
     | U206         | A v -> Y v    | AND3X1  | n168 |        | 0.014 | 0.024 | 0.097 | 0.000 |   0.983 |    1.625 | 
     | U207         |               | NOR2X1  | n168 |      1 | 0.014 | 0.024 | 0.000 | 0.000 |   0.984 |    1.625 | 
     | U207         | B v -> Y ^    | NOR2X1  | N35  |        | 0.012 | 0.067 | 0.051 | 0.000 |   1.035 |    1.676 | 
     | state_reg[3] |               | DFFX1   | N35  |      1 | 0.012 | 0.067 | 0.000 | 0.000 |   1.035 |    1.676 | 
     +-------------------------------------------------------------------------------------------------------------+ 
Path 9: MET Setup Check with Pin state_reg[1]/CLK 
Endpoint:   state_reg[1]/D  (^) checked with  leading edge of 'clk'
Beginpoint: state_reg[3]/QN (v) triggered by  leading edge of 'clk'
Path Groups: {clk}
Analysis View: setup_func
Other End Arrival Time          0.003
- Setup                         0.124
+ Phase Shift                   2.000
- Uncertainty                   0.200
= Required Time                 1.679
- Arrival Time                  1.031
= Slack Time                    0.648
     Clock Rise Edge                 0.000
     + Clock Network Latency (Prop)  0.001
     = Beginpoint Arrival Time       0.001
     +-----------------------------------------------------------------------------------------------------------------+ 
     |   Instance   |      Arc      |  Cell   |   Net    | Fanout |  Load |  Slew | Delay |  Incr | Arrival | Required | 
     |              |               |         |          |        |       |       |       | Delay |  Time   |   Time   | 
     |--------------+---------------+---------+----------+--------+-------+-------+-------+-------+---------+----------| 
     | state_reg[3] | CLK ^         |         | clk      |      5 | 0.121 | 0.004 |       |       |   0.001 |    0.648 | 
     | state_reg[3] | CLK ^ -> QN v | DFFX1   | n177     |        | 0.112 | 0.284 | 0.524 | 0.000 |   0.525 |    1.172 | 
     | state_reg[3] | QN v -> Q ^   | DFFX1   | state[3] |        | 0.027 | 0.090 | 0.069 | 0.000 |   0.594 |    1.241 | 
     | U128         |               | AND3X1  | state[3] |      2 | 0.027 | 0.090 | 0.001 | 0.000 |   0.595 |    1.242 | 
     | U128         | B ^ -> Y ^    | AND3X1  | n155     |        | 0.060 | 0.115 | 0.171 | 0.000 |   0.766 |    1.414 | 
     | U157         |               | INVX1   | n155     |      5 | 0.060 | 0.115 | 0.001 | 0.000 |   0.767 |    1.414 | 
     | U157         | A ^ -> Y v    | INVX1   | n139     |        | 0.022 | 0.045 | 0.044 | 0.000 |   0.811 |    1.458 | 
     | U188         |               | NAND3X1 | n139     |      2 | 0.022 | 0.045 | 0.000 | 0.000 |   0.811 |    1.459 | 
     | U188         | C v -> Y ^    | NAND3X1 | n142     |        | 0.012 | 0.064 | 0.044 | 0.000 |   0.855 |    1.502 | 
     | U189         |               | NAND2X1 | n142     |      1 | 0.012 | 0.064 | 0.000 | 0.000 |   0.855 |    1.502 | 
     | U189         | B ^ -> Y v    | NAND2X1 | n146     |        | 0.011 | 0.060 | 0.043 | 0.000 |   0.897 |    1.545 | 
     | U191         |               | AND3X1  | n146     |      1 | 0.011 | 0.060 | 0.000 | 0.000 |   0.897 |    1.545 | 
     | U191         | B v -> Y v    | AND3X1  | n148     |        | 0.012 | 0.024 | 0.084 | 0.000 |   0.982 |    1.629 | 
     | U192         |               | NOR2X1  | n148     |      1 | 0.012 | 0.024 | 0.000 | 0.000 |   0.982 |    1.629 | 
     | U192         | B v -> Y ^    | NOR2X1  | N33      |        | 0.011 | 0.064 | 0.049 | 0.000 |   1.031 |    1.679 | 
     | state_reg[1] |               | DFFX1   | N33      |      1 | 0.011 | 0.064 | 0.000 | 0.000 |   1.031 |    1.679 | 
     +-----------------------------------------------------------------------------------------------------------------+ 
Path 10: MET Setup Check with Pin state_reg[2]/CLK 
Endpoint:   state_reg[2]/D  (^) checked with  leading edge of 'clk'
Beginpoint: state_reg[1]/QN (v) triggered by  leading edge of 'clk'
Path Groups: {clk}
Analysis View: setup_func
Other End Arrival Time          0.001
- Setup                         0.125
+ Phase Shift                   2.000
- Uncertainty                   0.200
= Required Time                 1.677
- Arrival Time                  1.024
= Slack Time                    0.652
     Clock Rise Edge                 0.000
     + Clock Network Latency (Prop)  0.003
     = Beginpoint Arrival Time       0.003
     +-------------------------------------------------------------------------------------------------------------+ 
     |   Instance   |      Arc      |  Cell   |  Net | Fanout |  Load |  Slew | Delay |  Incr | Arrival | Required | 
     |              |               |         |      |        |       |       |       | Delay |  Time   |   Time   | 
     |--------------+---------------+---------+------+--------+-------+-------+-------+-------+---------+----------| 
     | state_reg[1] | CLK ^         |         | clk  |      5 | 0.121 | 0.004 |       |       |   0.003 |    0.655 | 
     | state_reg[1] | CLK ^ -> QN v | DFFX1   | n178 |        | 0.098 | 0.249 | 0.479 | 0.000 |   0.482 |    1.135 | 
     | U112         |               | NAND2X1 | n178 |      8 | 0.098 | 0.250 | 0.005 | 0.000 |   0.487 |    1.139 | 
     | U112         | B v -> Y ^    | NAND2X1 | n131 |        | 0.022 | 0.106 | 0.101 | 0.000 |   0.588 |    1.240 | 
     | U113         |               | INVX1   | n131 |      2 | 0.022 | 0.106 | 0.000 | 0.000 |   0.588 |    1.241 | 
     | U113         | A ^ -> Y v    | INVX1   | n130 |        | 0.022 | 0.042 | 0.043 | 0.000 |   0.631 |    1.283 | 
     | U115         |               | NOR2X1  | n130 |      2 | 0.022 | 0.042 | 0.000 | 0.000 |   0.631 |    1.284 | 
     | U115         | A v -> Y ^    | NOR2X1  | n154 |        | 0.049 | 0.220 | 0.165 | 0.000 |   0.797 |    1.449 | 
     | U199         |               | NAND2X1 | n154 |      4 | 0.049 | 0.221 | 0.001 | 0.000 |   0.798 |    1.450 | 
     | U199         | B ^ -> Y v    | NAND2X1 | n167 |        | 0.024 | 0.088 | 0.088 | 0.000 |   0.885 |    1.538 | 
     | U200         |               | AND3X1  | n167 |      2 | 0.024 | 0.088 | 0.001 | 0.000 |   0.886 |    1.538 | 
     | U200         | C v -> Y v    | AND3X1  | n158 |        | 0.011 | 0.022 | 0.087 | 0.000 |   0.973 |    1.625 | 
     | U201         |               | NOR2X1  | n158 |      1 | 0.011 | 0.022 | 0.000 | 0.000 |   0.973 |    1.625 | 
     | U201         | B v -> Y ^    | NOR2X1  | N34  |        | 0.012 | 0.068 | 0.051 | 0.000 |   1.024 |    1.676 | 
     | state_reg[2] |               | DFFX1   | N34  |      1 | 0.012 | 0.068 | 0.000 | 0.000 |   1.024 |    1.677 | 
     +-------------------------------------------------------------------------------------------------------------+ 

