
Magic 8.3 revision 413 - Compiled on Tue Jul 18 13:53:24 CDT 2023.
Starting magic under Tcl interpreter
Using the terminal as the console.
Using NULL graphics device.
Processing system .magicrc file
{}
Sourcing design .magicrc for technology sky130A ...
2 Magic internal units = 1 Lambda
Input style sky130(): scaleFactor=2, multiplier=2
The following types are not handled by extraction and will be treated as non-electrical types:
    ubm 
Scaled tech values by 2 / 1 to match internal grid scaling
Loading sky130A Device Generator Menu ...
Loading "xor2X1_pcell" from command line.
Cell xor2X1_pcell read from current working directory
Using technology "sky130A", version 1.0.488-1-gc887119
Cell diff_ring_side read from current working directory
Cell invx1_pcell read from current working directory
Cell poly_li1_contact read from current working directory
Scaled magic input cell poly_li1_contact geometry by factor of 2
Cell pmos2 read from current working directory
Cell nmos_top read from current working directory
Cell li1_M1_contact read from current working directory
Cell pmos2_1 read from current working directory
Cell nmos_top_trim1 read from current working directory
Cell nmos_bottom read from current working directory
exttospice finished.
