--> WARNING: A timing loop was found in the design. The arc from '\rf_
             reg[13][3] /QN' to '\rf_reg[13][3] /Q' has been cut . A 
             description of the timing loop follows <TA-112>.
     +----------------------------+ 
     |        Pin         |  Cell | 
     |--------------------+-------| 
     |  \rf_reg[13][3] /Q | DFFX1 | 
     | \rf_reg[13][3] /QN | DFFX1 | 
     |  \rf_reg[13][3] /Q | DFFX1 | 
     +----------------------------+ 
--> WARNING: A timing loop was found in the design. The arc from '\rf_reg[7][3] 
             /QN' to '\rf_reg[7][3] /Q' has been cut . A description of the 
             timing loop follows <TA-112>.
     +---------------------------+ 
     |        Pin        |  Cell | 
     |-------------------+-------| 
     |  \rf_reg[7][3] /Q | DFFX1 | 
     | \rf_reg[7][3] /QN | DFFX1 | 
     |  \rf_reg[7][3] /Q | DFFX1 | 
     +---------------------------+ 
--> WARNING: A timing loop was found in the design. The arc from '\rf_
             reg[20][3] /QN' to '\rf_reg[20][3] /Q' has been cut . A 
             description of the timing loop follows <TA-112>.
     +----------------------------+ 
     |        Pin         |  Cell | 
     |--------------------+-------| 
     |  \rf_reg[20][3] /Q | DFFX1 | 
     | \rf_reg[20][3] /QN | DFFX1 | 
     |  \rf_reg[20][3] /Q | DFFX1 | 
     +----------------------------+ 
--> WARNING: A timing loop was found in the design. The arc from '\rf_
             reg[27][3] /QN' to '\rf_reg[27][3] /Q' has been cut . A 
             description of the timing loop follows <TA-112>.
     +----------------------------+ 
     |        Pin         |  Cell | 
     |--------------------+-------| 
     |  \rf_reg[27][3] /Q | DFFX1 | 
     | \rf_reg[27][3] /QN | DFFX1 | 
     |  \rf_reg[27][3] /Q | DFFX1 | 
     +----------------------------+ 
--> WARNING: A timing loop was found in the design. The arc from '\rf_
             reg[12][3] /QN' to '\rf_reg[12][3] /Q' has been cut . A 
             description of the timing loop follows <TA-112>.
     +----------------------------+ 
     |        Pin         |  Cell | 
     |--------------------+-------| 
     |  \rf_reg[12][3] /Q | DFFX1 | 
     | \rf_reg[12][3] /QN | DFFX1 | 
     |  \rf_reg[12][3] /Q | DFFX1 | 
     +----------------------------+ 
--> WARNING: A timing loop was found in the design. The arc from '\rf_
             reg[31][3] /QN' to '\rf_reg[31][3] /Q' has been cut . A 
             description of the timing loop follows <TA-112>.
     +----------------------------+ 
     |        Pin         |  Cell | 
     |--------------------+-------| 
     |  \rf_reg[31][3] /Q | DFFX1 | 
     | \rf_reg[31][3] /QN | DFFX1 | 
     |  \rf_reg[31][3] /Q | DFFX1 | 
     +----------------------------+ 
--> WARNING: A timing loop was found in the design. The arc from '\rf_
             reg[17][3] /QN' to '\rf_reg[17][3] /Q' has been cut . A 
             description of the timing loop follows <TA-112>.
     +----------------------------+ 
     |        Pin         |  Cell | 
     |--------------------+-------| 
     |  \rf_reg[17][3] /Q | DFFX1 | 
     | \rf_reg[17][3] /QN | DFFX1 | 
     |  \rf_reg[17][3] /Q | DFFX1 | 
     +----------------------------+ 
--> WARNING: A timing loop was found in the design. The arc from '\rf_
             reg[28][3] /QN' to '\rf_reg[28][3] /Q' has been cut . A 
             description of the timing loop follows <TA-112>.
     +----------------------------+ 
     |        Pin         |  Cell | 
     |--------------------+-------| 
     |  \rf_reg[28][3] /Q | DFFX1 | 
     | \rf_reg[28][3] /QN | DFFX1 | 
     |  \rf_reg[28][3] /Q | DFFX1 | 
     +----------------------------+ 
--> WARNING: A timing loop was found in the design. The arc from '\rf_
             reg[16][3] /QN' to '\rf_reg[16][3] /Q' has been cut . A 
             description of the timing loop follows <TA-112>.
     +----------------------------+ 
     |        Pin         |  Cell | 
     |--------------------+-------| 
     |  \rf_reg[16][3] /Q | DFFX1 | 
     | \rf_reg[16][3] /QN | DFFX1 | 
     |  \rf_reg[16][3] /Q | DFFX1 | 
     +----------------------------+ 
--> WARNING: A timing loop was found in the design. The arc from '\rf_
             reg[24][3] /QN' to '\rf_reg[24][3] /Q' has been cut . A 
             description of the timing loop follows <TA-112>.
     +----------------------------+ 
     |        Pin         |  Cell | 
     |--------------------+-------| 
     |  \rf_reg[24][3] /Q | DFFX1 | 
     | \rf_reg[24][3] /QN | DFFX1 | 
     |  \rf_reg[24][3] /Q | DFFX1 | 
     +----------------------------+ 
--> WARNING: A timing loop was found in the design. The arc from '\rf_reg[1][3] 
             /QN' to '\rf_reg[1][3] /Q' has been cut . A description of the 
             timing loop follows <TA-112>.
     +---------------------------+ 
     |        Pin        |  Cell | 
     |-------------------+-------| 
     |  \rf_reg[1][3] /Q | DFFX1 | 
     | \rf_reg[1][3] /QN | DFFX1 | 
     |  \rf_reg[1][3] /Q | DFFX1 | 
     +---------------------------+ 
--> WARNING: A timing loop was found in the design. The arc from '\rf_reg[4][3] 
             /QN' to '\rf_reg[4][3] /Q' has been cut . A description of the 
             timing loop follows <TA-112>.
     +---------------------------+ 
     |        Pin        |  Cell | 
     |-------------------+-------| 
     |  \rf_reg[4][3] /Q | DFFX1 | 
     | \rf_reg[4][3] /QN | DFFX1 | 
     |  \rf_reg[4][3] /Q | DFFX1 | 
     +---------------------------+ 
--> WARNING: A timing loop was found in the design. The arc from '\rf_
             reg[30][3] /QN' to '\rf_reg[30][3] /Q' has been cut . A 
             description of the timing loop follows <TA-112>.
     +----------------------------+ 
     |        Pin         |  Cell | 
     |--------------------+-------| 
     |  \rf_reg[30][3] /Q | DFFX1 | 
     | \rf_reg[30][3] /QN | DFFX1 | 
     |  \rf_reg[30][3] /Q | DFFX1 | 
     +----------------------------+ 
--> WARNING: A timing loop was found in the design. The arc from '\rf_reg[8][3] 
             /QN' to '\rf_reg[8][3] /Q' has been cut . A description of the 
             timing loop follows <TA-112>.
     +---------------------------+ 
     |        Pin        |  Cell | 
     |-------------------+-------| 
     |  \rf_reg[8][3] /Q | DFFX1 | 
     | \rf_reg[8][3] /QN | DFFX1 | 
     |  \rf_reg[8][3] /Q | DFFX1 | 
     +---------------------------+ 
--> WARNING: A timing loop was found in the design. The arc from '\rf_
             reg[21][3] /QN' to '\rf_reg[21][3] /Q' has been cut . A 
             description of the timing loop follows <TA-112>.
     +----------------------------+ 
     |        Pin         |  Cell | 
     |--------------------+-------| 
     |  \rf_reg[21][3] /Q | DFFX1 | 
     | \rf_reg[21][3] /QN | DFFX1 | 
     |  \rf_reg[21][3] /Q | DFFX1 | 
     +----------------------------+ 
--> WARNING: A timing loop was found in the design. The arc from '\rf_
             reg[26][3] /QN' to '\rf_reg[26][3] /Q' has been cut . A 
             description of the timing loop follows <TA-112>.
     +----------------------------+ 
     |        Pin         |  Cell | 
     |--------------------+-------| 
     |  \rf_reg[26][3] /Q | DFFX1 | 
     | \rf_reg[26][3] /QN | DFFX1 | 
     |  \rf_reg[26][3] /Q | DFFX1 | 
     +----------------------------+ 
--> WARNING: A timing loop was found in the design. The arc from '\rf_
             reg[19][3] /QN' to '\rf_reg[19][3] /Q' has been cut . A 
             description of the timing loop follows <TA-112>.
     +----------------------------+ 
     |        Pin         |  Cell | 
     |--------------------+-------| 
     |  \rf_reg[19][3] /Q | DFFX1 | 
     | \rf_reg[19][3] /QN | DFFX1 | 
     |  \rf_reg[19][3] /Q | DFFX1 | 
     +----------------------------+ 
--> WARNING: A timing loop was found in the design. The arc from '\rf_reg[9][3] 
             /QN' to '\rf_reg[9][3] /Q' has been cut . A description of the 
             timing loop follows <TA-112>.
     +---------------------------+ 
     |        Pin        |  Cell | 
     |-------------------+-------| 
     |  \rf_reg[9][3] /Q | DFFX1 | 
     | \rf_reg[9][3] /QN | DFFX1 | 
     |  \rf_reg[9][3] /Q | DFFX1 | 
     +---------------------------+ 
--> WARNING: A timing loop was found in the design. The arc from '\rf_
             reg[23][3] /QN' to '\rf_reg[23][3] /Q' has been cut . A 
             description of the timing loop follows <TA-112>.
     +----------------------------+ 
     |        Pin         |  Cell | 
     |--------------------+-------| 
     |  \rf_reg[23][3] /Q | DFFX1 | 
     | \rf_reg[23][3] /QN | DFFX1 | 
     |  \rf_reg[23][3] /Q | DFFX1 | 
     +----------------------------+ 
--> WARNING: A timing loop was found in the design. The arc from '\rf_
             reg[29][3] /QN' to '\rf_reg[29][3] /Q' has been cut . A 
             description of the timing loop follows <TA-112>.
     +----------------------------+ 
     |        Pin         |  Cell | 
     |--------------------+-------| 
     |  \rf_reg[29][3] /Q | DFFX1 | 
     | \rf_reg[29][3] /QN | DFFX1 | 
     |  \rf_reg[29][3] /Q | DFFX1 | 
     +----------------------------+ 
