###############################################################
#  Generated by:      Cadence Innovus 21.16-s078_1
#  OS:                Linux x86_64(Host ID yukari.ecen.okstate.edu)
#  Generated on:      Fri May 23 10:53:23 2025
#  Design:            riscvsingle
#  Command:           verifyMetalDensity
###############################################################

Verify Density report created on Fri May 23 10:53:23 2025

###############################################################
# Layer       M1 - Window size      : 100.0um X 100.0um
# Layer       M1 - Window step      : 50.0um X 50.0um
# Layer       M1 - Min Density      : 20%
# Layer       M1 - Pref Density     : 35%
# Layer       M1 - Max Density      : 80%
# Layer       M1 - Ext Density      : 35%
# Layer       M2 - Window size      : 100.0um X 100.0um
# Layer       M2 - Window step      : 50.0um X 50.0um
# Layer       M2 - Min Density      : 20%
# Layer       M2 - Pref Density     : 35%
# Layer       M2 - Max Density      : 80%
# Layer       M2 - Ext Density      : 35%
# Layer       M3 - Window size      : 100.0um X 100.0um
# Layer       M3 - Window step      : 50.0um X 50.0um
# Layer       M3 - Min Density      : 20%
# Layer       M3 - Pref Density     : 35%
# Layer       M3 - Max Density      : 80%
# Layer       M3 - Ext Density      : 35%
# Layer       M4 - Window size      : 100.0um X 100.0um
# Layer       M4 - Window step      : 50.0um X 50.0um
# Layer       M4 - Min Density      : 20%
# Layer       M4 - Pref Density     : 35%
# Layer       M4 - Max Density      : 80%
# Layer       M4 - Ext Density      : 35%
# Layer       M5 - Window size      : 100.0um X 100.0um
# Layer       M5 - Window step      : 50.0um X 50.0um
# Layer       M5 - Min Density      : 20%
# Layer       M5 - Pref Density     : 35%
# Layer       M5 - Max Density      : 80%
# Layer       M5 - Ext Density      : 35%
# Layer       M6 - Window size      : 100.0um X 100.0um
# Layer       M6 - Window step      : 50.0um X 50.0um
# Layer       M6 - Min Density      : 20%
# Layer       M6 - Pref Density     : 35%
# Layer       M6 - Max Density      : 80%
# Layer       M6 - Ext Density      : 35%
# Layer       M7 - Window size      : 100.0um X 100.0um
# Layer       M7 - Window step      : 50.0um X 50.0um
# Layer       M7 - Min Density      : 20%
# Layer       M7 - Pref Density     : 35%
# Layer       M7 - Max Density      : 80%
# Layer       M7 - Ext Density      : 35%
###############################################################


    Layer    Density(%)          Window  
***************************************************

      M7       14.88    (0 0) (100 100)
      M7       15.10    (50 0) (150 100)
      M7       14.36    (100 0) (200 100)
      M7       13.54    (150 0) (250 100)
      M7       15.40    (200 0) (300 100)
      M7       16.22    (450 0) (550 100)
      M7       15.27    (650 0) (750 100)
      M7       14.95    (700 0) (800 100)
      M7       16.24    (0 50) (100 150)
      M7       16.48    (50 50) (150 150)
      M7       15.67    (100 50) (200 150)
      M7       14.78    (150 50) (250 150)
      M7       16.81    (200 50) (300 150)
      M7       17.70    (450 50) (550 150)
      M7       16.21    (650 50) (750 150)
      M7       16.32    (700 50) (800 150)
      M7       16.56    (0 100) (100 200)
      M7       16.81    (50 100) (150 200)
      M7       15.98    (100 100) (200 200)
      M7       15.07    (150 100) (250 200)
      M7       17.14    (200 100) (300 200)
      M7       18.05    (450 100) (550 200)
      M7       16.29    (650 100) (750 200)
      M7       16.64    (700 100) (800 200)
      M7       14.56    (0 150) (100 250)
      M7       14.78    (50 150) (150 250)
      M7       14.05    (100 150) (200 250)
      M7       13.25    (150 150) (250 250)
      M7       15.07    (200 150) (300 250)
      M7       19.83    (400 150) (500 250)
      M7       15.87    (450 150) (550 250)
      M7       15.05    (650 150) (750 250)
      M7       14.63    (700 150) (800 250)
      M7       16.56    (0 200) (100 300)
      M7       16.81    (50 200) (150 300)
      M7       15.98    (100 200) (200 300)
      M7       15.07    (150 200) (250 300)
      M7       17.14    (200 200) (300 300)
      M7       18.05    (450 200) (550 300)
      M7       16.43    (650 200) (750 300)
      M7       16.64    (700 200) (800 300)
      M7       16.56    (0 250) (100 350)
      M7       16.81    (50 250) (150 350)
      M7       15.98    (100 250) (200 350)
      M7       15.07    (150 250) (250 350)
      M7       17.14    (200 250) (300 350)
      M7       18.05    (450 250) (550 350)
      M7       16.43    (650 250) (750 350)
      M7       16.64    (700 250) (800 350)
      M7       16.00    (0 300) (100 400)
      M7       16.24    (50 300) (150 400)
      M7       15.44    (100 300) (200 400)
      M7       14.56    (150 300) (250 400)
      M7       16.56    (200 300) (300 400)
      M7       17.44    (450 300) (550 400)
      M7       16.04    (650 300) (750 400)
      M7       16.08    (700 300) (800 400)
      M7       17.44    (0 350) (100 450)
      M7       17.70    (50 350) (150 450)
      M7       16.83    (100 350) (200 450)
      M7       15.78    (150 350) (250 450)
      M7       17.63    (200 350) (300 450)
      M7       18.59    (450 350) (550 450)
      M7       16.93    (650 350) (750 450)
      M7       17.11    (700 350) (800 450)
      M7       18.80    (0 400) (100 500)
      M7       19.08    (50 400) (150 500)
      M7       18.14    (100 400) (200 500)
      M7       17.11    (150 400) (250 500)
      M7       19.46    (200 400) (300 500)
      M7       17.97    (650 400) (750 500)
      M7       18.89    (700 400) (800 500)
      M7       19.44    (0 450) (100 550)
      M7       19.73    (50 450) (150 550)
      M7       18.76    (100 450) (200 550)
      M7       17.78    (150 450) (250 550)
      M7       18.52    (650 450) (750 550)
      M7       19.96    (700 450) (800 550)
      M7       16.56    (0 500) (100 600)
      M7       16.81    (50 500) (150 600)
      M7       15.98    (100 500) (200 600)
      M7       15.07    (150 500) (250 600)
      M7       17.14    (200 500) (300 600)
      M7       18.05    (450 500) (550 600)
      M7       16.43    (650 500) (750 600)
      M7       16.64    (700 500) (800 600)
      M7       14.48    (0 550) (100 650)
      M7       14.70    (50 550) (150 650)
      M7       13.97    (100 550) (200 650)
      M7       13.18    (150 550) (250 650)
      M7       14.99    (200 550) (300 650)
      M7       19.77    (400 550) (500 650)
      M7       15.78    (450 550) (550 650)
      M7       14.99    (650 550) (750 650)
      M7       14.55    (700 550) (800 650)
      M7       16.56    (0 600) (100 700)
      M7       16.81    (50 600) (150 700)
      M7       15.98    (100 600) (200 700)
      M7       15.07    (150 600) (250 700)
      M7       17.14    (200 600) (300 700)
      M7       19.42    (400 600) (500 700)
      M7       18.05    (450 600) (550 700)
      M7       17.65    (600 600) (700 700)
      M7       15.55    (650 600) (750 700)
      M7       16.64    (700 600) (800 700)
      M7       18.01    (828.69 600) (928.69 700)
      M7       16.56    (0 650) (100 750)
      M7       16.81    (50 650) (150 750)
      M7       15.98    (100 650) (200 750)
      M7       15.07    (150 650) (250 750)
      M7       17.14    (200 650) (300 750)
      M7       19.18    (400 650) (500 750)
      M7       18.05    (450 650) (550 750)
      M7       17.26    (600 650) (700 750)
      M7       15.43    (650 650) (750 750)
      M7       16.64    (700 650) (800 750)
      M7       17.48    (828.69 650) (928.69 750)
      M7       16.08    (0 700) (100 800)
      M7       16.32    (50 700) (150 800)
      M7       15.52    (100 700) (200 800)
      M7       14.63    (150 700) (250 800)
      M7       16.64    (200 700) (300 800)
      M7       17.53    (450 700) (550 800)
      M7       16.10    (650 700) (750 800)
      M7       16.16    (700 700) (800 800)
      M7       16.56    (0 750) (100 850)
      M7       16.81    (50 750) (150 850)
      M7       15.98    (100 750) (200 850)
      M7       15.07    (150 750) (250 850)
      M7       17.14    (200 750) (300 850)
      M7       18.05    (450 750) (550 850)
      M7       16.43    (650 750) (750 850)
      M7       16.64    (700 750) (800 850)
      M7       16.00    (0 800) (100 900)
      M7       16.24    (50 800) (150 900)
      M7       15.44    (100 800) (200 900)
      M7       14.56    (150 800) (250 900)
      M7       16.56    (200 800) (300 900)
      M7       17.44    (450 800) (550 900)
      M7       16.04    (650 800) (750 900)
      M7       16.08    (700 800) (800 900)
      M7       12.00    (0 828.12) (100 928.12)
      M7       12.18    (50 828.12) (150 928.12)
      M7       11.58    (100 828.12) (200 928.12)
      M7       10.92    (150 828.12) (250 928.12)
      M7       12.42    (200 828.12) (300 928.12)
      M7       17.64    (250 828.12) (350 928.12)
      M7       19.36    (350 828.12) (450 928.12)
      M7       16.10    (400 828.12) (500 928.12)
      M7       13.08    (450 828.12) (550 928.12)
      M7       17.70    (500 828.12) (600 928.12)
      M7       16.14    (600 828.12) (700 928.12)
      M7       12.28    (650 828.12) (750 928.12)
      M7       12.06    (700 828.12) (800 928.12)
      M7       17.76    (750 828.12) (850 928.12)
      M7       17.48    (828.69 828.12) (928.69 928.12)

      M3       19.53    (750 50) (850 150)
      M3       19.70    (300 200) (400 300)
      M3       19.98    (350 200) (450 300)
      M3       19.91    (300 250) (400 350)
      M3       19.96    (700 250) (800 350)
      M3       19.96    (450 650) (550 750)
      M3       19.84    (450 700) (550 800)


A total of 163 density violation(s).
Windows < Min. Density = 163
Windows > Max. Density = 0
Windows < Min. Union. Density = 0
Windows > Max. Union. Density = 0
