
                           Design Compiler Graphical 
                                 DC Ultra (TM)
                                  DFTMAX (TM)
                              Power Compiler (TM)
                                 DesignWare (R)
                                 DC Expert (TM)
                               Design Vision (TM)
                               HDL Compiler (TM)
                               VHDL Compiler (TM)
                                  DFT Compiler
                               Design Compiler(R)

               Version V-2023.12-SP3 for linux64 - Apr 17, 2024 

                    Copyright (c) 1988 - 2024 Synopsys, Inc.
   This software and the associated documentation are proprietary to Synopsys,
 Inc. This software may only be used in accordance with the terms and conditions
 of a written license agreement with Synopsys, Inc. All other use, reproduction,
   or distribution of this software is strictly prohibited.  Licensed Products
     communicate with Synopsys servers for the purpose of providing software
    updates, detecting software piracy and verifying that customers are using
    Licensed Products in conformity with the applicable License Key for such
  Licensed Products. Synopsys will use information gathered in connection with
    this process to deliver software updates and pursue software pirates and
                                   infringers.

 Inclusivity & Diversity - Visit SolvNetPlus to read the "Synopsys Statement on
            Inclusivity and Diversity" (Refer to article 000036315 at
                        https://solvnetplus.synopsys.com)
Initializing...
Current time:       Thu Apr 17 12:17:36 2025
Hostname:           yukari.ecen.okstate.edu
CPU Model:          AMD EPYC 74F3 24-Core Processor
CPU Details:        Cores = 96 : Sockets = 2 : Cache Size = 512 KB : Freq = 3.19 GHz
OS:                 Linux 3.10.0-1160.119.1.el7.x86_64
RAM:                125 GB (Free  20 GB)
Swap:                 3 GB (Free   3 GB)
Work Filesystem:    /import/yukari1 mounted to /dev/mapper/yukari_data-yukari1
Tmp Filesystem:     / mounted to /dev/mapper/rhel_yukari-root
Work Disk:          2639 GB (Free 164 GB)
Tmp Disk:           441 GB (Free 300 GB)

CPU Load: 10%, Ram Free: 20 GB, Swap Free: 3 GB, Work Disk Free: 164 GB, Tmp Disk Free: 300 GB
#
# OKSTATE Main Synopsys Flow
# Updated Sep 27, 2015 jes
#
# Verilog files
set my_verilog_files [glob ../../hdl/*]
../../hdl/tap_controller.sv ../../hdl/fsm.sv ../../hdl/aludec_new.sv ../../hdl/adder.v ../../hdl/gcd.v ../../hdl/instruction_register.sv ../../hdl/magcompare2c.sv ../../hdl/shifter.sv ../../hdl/regfile.sv ../../hdl/adder.sv ../../hdl/datapath.sv ../../hdl/aludec_orig.sv ../../hdl/magcompare2b.sv ../../hdl/flopens.sv ../../hdl/HA.sv ../../hdl/device_identification_register.sv ../../hdl/defines.sv ../../hdl/mux4.sv ../../hdl/arrs.sv ../../hdl/controller.sv ../../hdl/counter.sv ../../hdl/mux5.sv ../../hdl/mult2.sv ../../hdl/flopenr.sv ../../hdl/flopr.sv ../../hdl/aludec.sv ../../hdl/top.sv ../../hdl/alu.sv ../../hdl/magcompare32.sv ../../hdl/mult2.sv.bak ../../hdl/mult.sv ../../hdl/bsr.sv ../../hdl/1 ../../hdl/FA.sv ../../hdl/riscv.sv ../../hdl/bypass_register.sv ../../hdl/fsssssm.sv ../../hdl/jtag_test_logic.sv ../../hdl/riscv_pipelined.sv ../../hdl/signext.sv ../../hdl/maindec.sv ../../hdl/mux2.sv ../../hdl/mux3.sv
# VHDL files
# set my_vhdl_files [list top.vhd]
# Set toplevel
set my_toplevel fsm_test 
fsm_test
# Set number of significant digits
set report_default_significant_digits 6
6
# V(HDL) Unconnectoed Pins Output
set verilogout_show_unconnected_pins "true"
true
set vhdlout_show_unconnected_pins "true"
true
#
# Due to parameterized Verilog must use analyze/elaborate and not 
# read_verilog/vhdl (change to pull in Verilog and/or VHDL)
# to read verilog remove "s"
#
define_design_lib WORK -path ./WORK
1
analyze -f sverilog -lib WORK $my_verilog_files
Running PRESTO HDLC
Compiling source file ../../hdl/tap_controller.sv
Compiling source file ../../hdl/fsm.sv
Compiling source file ../../hdl/aludec_new.sv
Compiling source file ../../hdl/adder.v
Compiling source file ../../hdl/gcd.v
Compiling source file ../../hdl/instruction_register.sv
Opening include file ../../hdl/defines.sv
Compiling source file ../../hdl/magcompare2c.sv
Compiling source file ../../hdl/shifter.sv
Compiling source file ../../hdl/regfile.sv
Compiling source file ../../hdl/adder.sv
Warning:  ../../hdl/adder.sv:1: Overwriting existing design element 'adder' with newer version. (VER-64)
Compiling source file ../../hdl/datapath.sv
Compiling source file ../../hdl/aludec_orig.sv
Warning:  ../../hdl/aludec_orig.sv:1: Overwriting existing design element 'aludec' with newer version. (VER-64)
Compiling source file ../../hdl/magcompare2b.sv
Compiling source file ../../hdl/flopens.sv
Compiling source file ../../hdl/HA.sv
Warning:  ../../hdl/flopens.sv:9: Intraassignment delays for nonblocking assignments are ignored. (VER-130)
Warning:  ../../hdl/flopens.sv:10: Intraassignment delays for nonblocking assignments are ignored. (VER-130)
Compiling source file ../../hdl/device_identification_register.sv
Opening include file ../../hdl/defines.sv
Warning:  ../../hdl/device_identification_register.sv:24: The construct 'assert property' is not supported in synthesis; it is ignored. (VER-708)
Compiling source file ../../hdl/defines.sv
Compiling source file ../../hdl/mux4.sv
Compiling source file ../../hdl/arrs.sv
Compiling source file ../../hdl/controller.sv
Compiling source file ../../hdl/counter.sv
Compiling source file ../../hdl/mux5.sv
Compiling source file ../../hdl/mult2.sv
Compiling source file ../../hdl/flopenr.sv
Compiling source file ../../hdl/flopr.sv
Warning:  ../../hdl/flopenr.sv:9: Intraassignment delays for nonblocking assignments are ignored. (VER-130)
Warning:  ../../hdl/flopenr.sv:10: Intraassignment delays for nonblocking assignments are ignored. (VER-130)
Compiling source file ../../hdl/aludec.sv
Warning:  ../../hdl/flopr.sv:8: Intraassignment delays for nonblocking assignments are ignored. (VER-130)
Warning:  ../../hdl/flopr.sv:9: Intraassignment delays for nonblocking assignments are ignored. (VER-130)
Warning:  ../../hdl/aludec.sv:1: Overwriting existing design element 'aludec' with newer version. (VER-64)
Compiling source file ../../hdl/top.sv
Compiling source file ../../hdl/alu.sv
Compiling source file ../../hdl/magcompare32.sv
Compiling source file ../../hdl/mult2.sv.bak
Warning:  ../../hdl/mult2.sv.bak:1: Overwriting existing design element 'mult2' with newer version. (VER-64)
Compiling source file ../../hdl/mult.sv
Warning:  ../../hdl/mult.sv:1: Overwriting existing design element 'HA' with newer version. (VER-64)
Compiling source file ../../hdl/bsr.sv
Compiling source file ../../hdl/1
Compiling source file ../../hdl/FA.sv
Warning:  ../../hdl/FA.sv:1: Overwriting existing design element 'FA' with newer version. (VER-64)
Compiling source file ../../hdl/riscv.sv
Compiling source file ../../hdl/bypass_register.sv
Compiling source file ../../hdl/fsssssm.sv
Compiling source file ../../hdl/jtag_test_logic.sv
Opening include file ../../hdl/defines.sv
Warning:  ../../hdl/jtag_test_logic.sv:63: the undeclared symbol 'updateDR' assumed to have the default net type, which is 'wire'. (VER-936)
Compiling source file ../../hdl/riscv_pipelined.sv
Information:  ../../hdl/riscv_pipelined.sv:84: List () of one, unnamed, port is ignored. (VER-988)
Warning:  Little argument or return value checking implemented for system task or function '$stop'. (VER-209)
Warning:  ../../hdl/riscv_pipelined.sv:111: delay controls are ignored for synthesis. (VER-176)
Warning:  ../../hdl/riscv_pipelined.sv:111: Nonblocking assignments and blocking delays in the same process; potential simulation or synthesis mismatch. (VER-140)
Warning:  ../../hdl/riscv_pipelined.sv:111: Nonblocking assignments and blocking delays in the same process; potential simulation or synthesis mismatch. (VER-140)
Warning:  ../../hdl/riscv_pipelined.sv:111: delay controls are ignored for synthesis. (VER-176)
Warning:  ../../hdl/riscv_pipelined.sv:111: Nonblocking assignments and blocking delays in the same process; potential simulation or synthesis mismatch. (VER-140)
Warning:  ../../hdl/riscv_pipelined.sv:120: Unsupported system task '$stop' will be ignored for synthesis. (VER-274)
Warning:  ../../hdl/riscv_pipelined.sv:123: Unsupported system task '$stop' will be ignored for synthesis. (VER-274)
Warning:  ../../hdl/riscv_pipelined.sv:143: Overwriting existing design element 'riscv' with newer version. (VER-64)
Warning:  ../../hdl/riscv_pipelined.sv:189: Overwriting existing design element 'controller' with newer version. (VER-64)
Warning:  ../../hdl/riscv_pipelined.sv:270: Overwriting existing design element 'aludec' with newer version. (VER-64)
Warning:  ../../hdl/riscv_pipelined.sv:296: Overwriting existing design element 'datapath' with newer version. (VER-64)
Warning:  ../../hdl/riscv_pipelined.sv:420: Overwriting existing design element 'regfile' with newer version. (VER-64)
Warning:  ../../hdl/riscv_pipelined.sv:441: Overwriting existing design element 'adder' with newer version. (VER-64)
Warning:  ../../hdl/riscv_pipelined.sv:465: Overwriting existing design element 'flopr' with newer version. (VER-64)
Warning:  ../../hdl/riscv_pipelined.sv:475: Overwriting existing design element 'flopenr' with newer version. (VER-64)
Warning:  ../../hdl/riscv_pipelined.sv:555: Overwriting existing design element 'alu' with newer version. (VER-64)
Compiling source file ../../hdl/signext.sv
Compiling source file ../../hdl/maindec.sv
Warning:  ../../hdl/maindec.sv:1: Overwriting existing design element 'maindec' with newer version. (VER-64)
Compiling source file ../../hdl/mux2.sv
Warning:  ../../hdl/mux2.sv:1: Overwriting existing design element 'mux2' with newer version. (VER-64)
Compiling source file ../../hdl/mux3.sv
Warning:  ../../hdl/mux3.sv:1: Overwriting existing design element 'mux3' with newer version. (VER-64)
Presto compilation completed successfully.
Loading db file '/import/yukari1/lrburle/sky130RHBDlib/sky130_rhbd/db/sky130_rhbd_tt_1P8_25C.ccs.db'
Information: Using CCS timing libraries. (TIM-024)
Loading db file '/import/yukari1/lrburle/sky130RHBDlib/sky130_rhbd/db/TMR_sky130_rhbd_tt_1P8_25C.ccs.db'
Loading db file '/import/programs/synopsys/syn/current/libraries/syn/dw_foundation.sldb'
1
#
# Added if you had any VHDL
# analyze -f vhdl -lib WORK $my_vhdl_files
#
elaborate $my_toplevel -lib WORK 
Loading db file '/import/programs/synopsys/syn/current/libraries/syn/gtech.db'
Loading db file '/import/programs/synopsys/syn/current/libraries/syn/standard.sldb'
  Loading link library 'sky130_rhbd_tt_1P8_25C.ccs'
  Loading link library 'TMR_sky130_rhbd_tt_1P8_25C.ccs'
  Loading link library 'gtech'
Running PRESTO HDLC

Statistics for case statements in always block at line 15 in file
	'../../hdl/fsssssm.sv'
===============================================
|           Line           |  full/ parallel  |
===============================================
|            16            |    auto/auto     |
===============================================

Inferred memory devices in process
	in routine fsm_test line 10 in file
		'../../hdl/fsssssm.sv'.
===============================================================================
|    Register Name    |   Type    | Width | Bus | MB | AR | AS | SR | SS | ST |
===============================================================================
|      state_reg      | Flip-flop |   2   |  Y  | N  | Y  | N  | N  | N  | N  |
===============================================================================
Presto compilation completed successfully. (fsm_test)
Elaborated 1 design.
Current design is now 'fsm_test'.
1
# Set the current_design 
current_design $my_toplevel
Current design is 'fsm_test'.
{fsm_test}
link

  Linking design 'fsm_test'
  Using the following designs and libraries:
  --------------------------------------------------------------------------
  sky130_rhbd_tt_1P8_25C.ccs (library) /import/yukari1/lrburle/sky130RHBDlib/sky130_rhbd/db/sky130_rhbd_tt_1P8_25C.ccs.db
  TMR_sky130_rhbd_tt_1P8_25C.ccs (library) /import/yukari1/lrburle/sky130RHBDlib/sky130_rhbd/db/TMR_sky130_rhbd_tt_1P8_25C.ccs.db
  dw_foundation.sldb (library) /import/programs/synopsys/syn/current/libraries/syn/dw_foundation.sldb

1
# Reset all constraints 
reset_design
1
# Set Frequency in [MHz] or [ps]
set my_clock_pin clk 
clk
set my_clk_freq_MHz 500
500
set my_period [expr 1000.0 / $my_clk_freq_MHz]
2.0
set my_uncertainty [expr .1 * $my_period]
0.2
# Create clock object 
set find_clock [ find port [list $my_clock_pin] ]
{clk}
if {  $find_clock != [list] } {
    echo "Found clock!"
    set my_clk $my_clock_pin
    create_clock -period $my_period $my_clk
    set_clock_uncertainty $my_uncertainty [get_clocks $my_clk]
} else {
    echo "Did not find clock! Design is probably combinational!"
    set my_clk vclk
    create_clock -period $my_period -name $my_clk
}
Found clock!
1
# Partitioning - flatten or hierarchically synthesize
#ungroup -flatten -simple_names { dp* }
#ungroup -flatten -simple_names { c* }
ungroup -all -flatten -simple_names
Warning: Design has no hierarchy.  No cells can be ungrouped. (UID-228)
0
# Set input pins except clock
set all_in_ex_clk [remove_from_collection [all_inputs] [get_ports $my_clk]]
{reset a}
# Specifies delays be propagated through the clock network
set_propagated_clock [get_clocks $my_clk]
Information: set_input_delay values are added to the propagated clock skew. (TIM-113)
1
# Setting constraints on input ports 
set_driving_cell -lib_cell TMRDFFQX1 -pin Q $all_in_ex_clk
1
# Set input/output delay
set_input_delay 0.0 -max -clock $my_clk $all_in_ex_clk
1
set_output_delay 0.0 -max -clock $my_clk [all_outputs]
1
# Setting load constraint on output ports 
set_load [expr [load_of TMR_sky130_rhbd_tt_1P8_25C.ccs/TMRDFFQX1/D] * 1] [all_outputs]
1
# Set the wire load model 
set_wire_load_mode "top"
1
# Attempt Area Recovery - if looking for minimal area
# set_max_area 2000
# Set fanout
set_max_fanout 6 $all_in_ex_clk
1
# Fix hold time violations
set_fix_hold [all_clocks]
1
# Deal with constants and buffers to isolate ports
set_fix_multiple_port_nets -all -buffer_constants
1
# setting up the group paths to find out the required timings
#group_path -name OUTPUTS -to [all_outputs]
#group_path -name INPUTS -from [all_inputs] 
#group_path -name COMBO -from [all_inputs] -to [all_outputs]
# Save Unmapped Design
set filename [format "%s%s%s"  "unmapped/" $my_toplevel ".ddc"]
unmapped/fsm_test.ddc
write_file -format ddc -hierarchy -o $filename
Writing ddc file 'unmapped/fsm_test.ddc'.
1
# Compile statements - either compile or compile_ultra
# compile -scan -incr -map_effort high
compile_ultra -no_seq_output_inversion -no_boundary_optimization
Information: Auto ungrouping of the design is disabled because the '-no_boundary_optimization' is used. (OPT-1316)
Warning: The value of variable 'compile_preserve_subdesign_interfaces' has been changed to true because '-no_boundary_optimization' is used. (OPT-133)
Information: Starting from 2013.12 release, constant propagation is enabled even when boundary optimization is disabled. (OPT-1318)
Information: Performing leakage power optimization. (PWR-850)
CPU Load: 10%, Ram Free: 20 GB, Swap Free: 3 GB, Work Disk Free: 164 GB, Tmp Disk Free: 300 GB
Alib files are up-to-date.
Information: Evaluating DesignWare library utilization. (UISN-27)

============================================================================
| DesignWare Building Block Library  |         Version         | Available |
============================================================================
| Basic DW Building Blocks           | V-2023.12-DWBB_202312.2 |     *     |
| Licensed DW Building Blocks        | V-2023.12-DWBB_202312.2 |     *     |
============================================================================

====================================================================================================
| Flow Information                                                                                 |
----------------------------------------------------------------------------------------------------
| Flow         | Design Compiler WLM                                                               |
| Command Line | compile_ultra -no_seq_output_inversion -no_boundary_optimization                  |
====================================================================================================
| Design Information                                      | Value                                  |
====================================================================================================
| Number of Scenarios                                     | 0                                      |
| Leaf Cell Count                                         | 18                                     |
| Number of User Hierarchies                              | 0                                      |
| Sequential Cell Count                                   | 2                                      |
| Macro Count                                             | 0                                      |
| Number of Power Domains                                 | 0                                      |
| Number of Path Groups                                   | 2                                      |
| Number of VT Class                                      | 0                                      |
| Number of Clocks                                        | 1                                      |
| Number of Dont Touch Cells                              | 8                                      |
| Number of Dont Touch Nets                               | 0                                      |
| Number of Size Only Cells                               | 0                                      |
| Design with UPF Data                                    | false                                  |
----------------------------------------------------------------------------------------------------
| Variables                                               | Value                                  |
----------------------------------------------------------------------------------------------------
| set_fix_multiple_port_nets                              | -all -buffer_constants                 |
====================================================================================================
  Simplifying Design 'fsm_test'

Loaded alib file './alib-52/sky130_rhbd_tt_1P8_25C.ccs.db.alib'
Loaded alib file './alib-52/TMR_sky130_rhbd_tt_1P8_25C.ccs.db.alib' (placeholder)
CPU Load: 10%, Ram Free: 20 GB, Swap Free: 3 GB, Work Disk Free: 164 GB, Tmp Disk Free: 300 GB
Information: State dependent leakage is now switched from on to off.

  Beginning Pass 1 Mapping
  ------------------------
  Processing 'fsm_test'
CPU Load: 10%, Ram Free: 20 GB, Swap Free: 3 GB, Work Disk Free: 164 GB, Tmp Disk Free: 300 GB

  Updating timing information
Information: Updating design information... (UID-85)
Information: Timing loop detected. (OPT-150)
	state_reg[0]/QN state_reg[0]/Q 
Information: Timing loop detected. (OPT-150)
	state_reg[0]/QN state_reg[0]/Q 
Warning: Disabling timing arc between pins 'Q' and 'QN' on cell 'state_reg[0]'
         to break a timing loop. (OPT-314)
Warning: Disabling timing arc between pins 'Q' and 'QN' on cell 'state_reg[0]'
         to break a timing loop. (OPT-314)
Warning: Disabling timing arc between pins 'Q' and 'QN' on cell 'state_reg[1]'
         to break a timing loop. (OPT-314)
Warning: Disabling timing arc between pins 'Q' and 'QN' on cell 'state_reg[1]'
         to break a timing loop. (OPT-314)
Information: The library cell 'TIELO' in the library 'sky130_rhbd_tt_1P8_25C.ccs' is not characterized for internal power. (PWR-536)
Information: The library cell 'TIEHI' in the library 'sky130_rhbd_tt_1P8_25C.ccs' is not characterized for internal power. (PWR-536)
Information: The target library(s) contains cell(s), other than black boxes, that are not characterized for internal power. (PWR-24)

  Beginning Mapping Optimizations  (Ultra High effort)
  -------------------------------

                                  TOTAL                                                            
   ELAPSED            WORST NEG   SETUP    DESIGN                              LEAKAGE   MIN DELAY 
    TIME      AREA      SLACK     COST    RULE COST         ENDPOINT            POWER      COST    
  --------- --------- --------- --------- --------- ------------------------- --------- -----------
    0:00:01     542.1      0.00       0.0       0.0                             92.6802      0.00  
    0:00:01     542.1      0.00       0.0       0.0                             92.6802      0.00  

  Beginning Constant Register Removal
  -----------------------------------

  Beginning Global Optimizations
  ------------------------------
  Numerical Synthesis (Phase 1)
  Numerical Synthesis (Phase 2)
  Global Optimization (Phase 1)
  Global Optimization (Phase 2)
  Global Optimization (Phase 3)
  Global Optimization (Phase 4)
  Global Optimization (Phase 5)
  Global Optimization (Phase 6)
  Global Optimization (Phase 7)
  Global Optimization (Phase 8)
  Global Optimization (Phase 9)
  Global Optimization (Phase 10)
  Global Optimization (Phase 11)
  Global Optimization (Phase 12)
  Global Optimization (Phase 13)
  Global Optimization (Phase 14)
  Global Optimization (Phase 15)
  Global Optimization (Phase 16)
  Global Optimization (Phase 17)
  Global Optimization (Phase 18)
  Global Optimization (Phase 19)
  Global Optimization (Phase 20)
  Global Optimization (Phase 21)
  Global Optimization (Phase 22)
  Global Optimization (Phase 23)
  Global Optimization (Phase 24)
  Global Optimization (Phase 25)
  Global Optimization (Phase 26)
  Global Optimization (Phase 27)
  Global Optimization (Phase 28)

  Beginning Isolate Ports
  -----------------------

  Beginning Delay Optimization
  ----------------------------
    0:00:01     542.1      0.00       0.0       0.0                             92.6802      0.00  
    0:00:01     542.1      0.00       0.0       0.0                             92.6802      0.00  
    0:00:01     542.1      0.00       0.0       0.0                             92.6802      0.00  
    0:00:01     542.1      0.00       0.0       0.0                             92.6802      0.00  
    0:00:01     542.1      0.00       0.0       0.0                             92.6802      0.00  
    0:00:01     542.1      0.00       0.0       0.0                             92.6802      0.00  

  Beginning WLM Backend Optimization
  --------------------------------------
    0:00:01     542.1      0.00       0.0       0.0                             92.6802      0.00  
    0:00:01     542.1      0.00       0.0       0.0                             92.6802      0.00  
    0:00:01     542.1      0.00       0.0       0.0                             92.6802      0.00  
    0:00:01     542.1      0.00       0.0       0.0                             92.6802      0.00  
    0:00:01     542.1      0.00       0.0       0.0                             92.6802      0.00  
***
*** WARNING: Characterizing failed for lib_cell family '32'
***
  Cells of this type cannot be sized in Linear.
  Cells include:
	DFFRNX1 (2 instances)
    Arc from 'CLK' to 'D' of sense 'setup_clk_rise' (2)
    Arc from 'CLK' to 'D' of sense 'hold_clk_rise' (2)
    Arc from 'CLK' to 'RN' of sense 'recovery_rise' (2)
    Arc from 'CLK' to 'RN' of sense 'removal_rise' (2)
    Arc from 'CLK' to 'Q' of sense 'rising_edge'
    Arc from 'CLK' to 'QN' of sense 'rising_edge'
    Arc from 'RN' to 'Q' of sense 'clear_unate' (5)
    Arc from 'RN' to 'QN' of sense 'preset_inverting' (5)
    Arc from 'Q' to 'QN' of sense 'negative_unate'
    Arc from 'Q' to 'QN' of sense 'fall_to_rise'
    Arc from 'QN' to 'Q' of sense 'negative_unate'
    Arc from 'QN' to 'Q' of sense 'fall_to_rise' (2)
    0:00:01     542.1      0.00       0.0       0.0                             92.6802      0.00  
    0:00:01     542.1      0.00       0.0       0.0                             92.6802      0.00  
    0:00:01     542.1      0.00       0.0       0.0                             92.6802      0.00  
    0:00:01     542.1      0.00       0.0       0.0                             92.6802      0.00  
    0:00:01     542.1      0.00       0.0       0.0                             92.6802      0.00  
    0:00:01     542.1      0.00       0.0       0.0                             92.6802      0.00  
    0:00:01     542.1      0.00       0.0       0.0                             92.6802      0.00  
    0:00:01     542.1      0.00       0.0       0.0                             92.6802      0.00  
    0:00:01     542.1      0.00       0.0       0.0                             92.6802      0.00  
    0:00:01     542.1      0.00       0.0       0.0                             92.6802      0.00  
    0:00:01     542.1      0.00       0.0       0.0                             92.6802      0.00  
    0:00:01     542.1      0.00       0.0       0.0                             92.6802      0.00  
    0:00:01     542.1      0.00       0.0       0.0                             92.6802      0.00  
    0:00:01     542.1      0.00       0.0       0.0                             92.6802      0.00  
    0:00:01     542.1      0.00       0.0       0.0                             92.6802      0.00  
    0:00:01     542.1      0.00       0.0       0.0                             92.6802      0.00  
    0:00:01     542.1      0.00       0.0       0.0                             92.6802      0.00  
    0:00:01     542.1      0.00       0.0       0.0                             92.6802      0.00  
    0:00:01     542.1      0.00       0.0       0.0                             92.6802      0.00  
    0:00:01     542.1      0.00       0.0       0.0                             92.6802      0.00  
    0:00:01     542.1      0.00       0.0       0.0                             92.6802      0.00  


  Beginning Leakage Power Optimization  (max_leakage_power 0)
  ------------------------------------

                                  TOTAL                                                            
   ELAPSED            WORST NEG   SETUP    DESIGN                              LEAKAGE   MIN DELAY 
    TIME      AREA      SLACK     COST    RULE COST         ENDPOINT            POWER      COST    
  --------- --------- --------- --------- --------- ------------------------- --------- -----------
    0:00:01     542.1      0.00       0.0       0.0                             92.6802      0.00  
    0:00:01     542.1      0.00       0.0       0.0                             92.6802      0.00  
    0:00:01     542.1      0.00       0.0       0.0                             92.6802      0.00  
    0:00:01     542.1      0.00       0.0       0.0                             92.6802      0.00  
***
*** WARNING: Characterizing failed for lib_cell family '32'
***
  Cells of this type cannot be sized in Linear.
  Cells include:
	DFFRNX1 (2 instances)
    Arc from 'CLK' to 'D' of sense 'setup_clk_rise' (2)
    Arc from 'CLK' to 'D' of sense 'hold_clk_rise' (2)
    Arc from 'CLK' to 'RN' of sense 'recovery_rise' (2)
    Arc from 'CLK' to 'RN' of sense 'removal_rise' (2)
    Arc from 'CLK' to 'Q' of sense 'rising_edge'
    Arc from 'CLK' to 'QN' of sense 'rising_edge'
    Arc from 'RN' to 'Q' of sense 'clear_unate' (5)
    Arc from 'RN' to 'QN' of sense 'preset_inverting' (5)
    Arc from 'Q' to 'QN' of sense 'negative_unate'
    Arc from 'Q' to 'QN' of sense 'fall_to_rise'
    Arc from 'QN' to 'Q' of sense 'negative_unate'
    Arc from 'QN' to 'Q' of sense 'fall_to_rise' (2)
    0:00:01     542.1      0.00       0.0       0.0                             92.6802      0.00  
    0:00:01     542.1      0.00       0.0       0.0                             92.6802      0.00  
    0:00:01     542.1      0.00       0.0       0.0                             92.6802      0.00  
    0:00:01     542.1      0.00       0.0       0.0                             92.6802      0.00  
    0:00:01     542.1      0.00       0.0       0.0                             92.6802      0.00  
    0:00:01     542.1      0.00       0.0       0.0                             92.6802      0.00  
    0:00:01     542.1      0.00       0.0       0.0                             92.6802      0.00  
    0:00:01     542.1      0.00       0.0       0.0                             92.6802      0.00  
    0:00:01     542.1      0.00       0.0       0.0                             92.6802      0.00  
    0:00:01     542.1      0.00       0.0       0.0                             92.6802      0.00  
    0:00:01     542.1      0.00       0.0       0.0                             92.6802      0.00  
    0:00:01     542.1      0.00       0.0       0.0                             92.6802      0.00  
    0:00:01     542.1      0.00       0.0       0.0                             92.6802      0.00  
    0:00:01     542.1      0.00       0.0       0.0                             92.6802      0.00  
    0:00:01     542.1      0.00       0.0       0.0                             92.6802      0.00  
    0:00:01     542.1      0.00       0.0       0.0                             92.6802      0.00  
    0:00:01     542.1      0.00       0.0       0.0                             92.6802      0.00  
    0:00:01     542.1      0.00       0.0       0.0                             92.6802      0.00  
    0:00:01     542.1      0.00       0.0       0.0                             92.6802      0.00  

                                  TOTAL                                                            
   ELAPSED            WORST NEG   SETUP    DESIGN                              LEAKAGE   MIN DELAY 
    TIME      AREA      SLACK     COST    RULE COST         ENDPOINT            POWER      COST    
  --------- --------- --------- --------- --------- ------------------------- --------- -----------
    0:00:01     542.1      0.00       0.0       0.0                             92.6802      0.00  
***
*** WARNING: Characterizing failed for lib_cell family '32'
***
  Cells of this type cannot be sized in Linear.
  Cells include:
	DFFRNX1 (2 instances)
    Arc from 'CLK' to 'D' of sense 'setup_clk_rise' (2)
    Arc from 'CLK' to 'D' of sense 'hold_clk_rise' (2)
    Arc from 'CLK' to 'RN' of sense 'recovery_rise' (2)
    Arc from 'CLK' to 'RN' of sense 'removal_rise' (2)
    Arc from 'CLK' to 'Q' of sense 'rising_edge'
    Arc from 'CLK' to 'QN' of sense 'rising_edge'
    Arc from 'RN' to 'Q' of sense 'clear_unate' (5)
    Arc from 'RN' to 'QN' of sense 'preset_inverting' (5)
    Arc from 'Q' to 'QN' of sense 'negative_unate'
    Arc from 'Q' to 'QN' of sense 'fall_to_rise'
    Arc from 'QN' to 'Q' of sense 'negative_unate'
    Arc from 'QN' to 'Q' of sense 'fall_to_rise' (2)
    0:00:01     542.1      0.00       0.0       0.0                             92.6802      0.00  
    0:00:01     542.1      0.00       0.0       0.0                             92.6802      0.00  
    0:00:01     542.1      0.00       0.0       0.0                             92.6802      0.00  
***
*** WARNING: Characterizing failed for lib_cell family '32'
***
  Cells of this type cannot be sized in Linear.
  Cells include:
	DFFRNX1 (2 instances)
    Arc from 'CLK' to 'D' of sense 'setup_clk_rise' (2)
    Arc from 'CLK' to 'D' of sense 'hold_clk_rise' (2)
    Arc from 'CLK' to 'RN' of sense 'recovery_rise' (2)
    Arc from 'CLK' to 'RN' of sense 'removal_rise' (2)
    Arc from 'CLK' to 'Q' of sense 'rising_edge'
    Arc from 'CLK' to 'QN' of sense 'rising_edge'
    Arc from 'RN' to 'Q' of sense 'clear_unate' (5)
    Arc from 'RN' to 'QN' of sense 'preset_inverting' (5)
    Arc from 'Q' to 'QN' of sense 'negative_unate'
    Arc from 'Q' to 'QN' of sense 'fall_to_rise'
    Arc from 'QN' to 'Q' of sense 'negative_unate'
    Arc from 'QN' to 'Q' of sense 'fall_to_rise' (2)
    0:00:01     542.1      0.00       0.0       0.0                             92.6802      0.00  
    0:00:01     542.1      0.00       0.0       0.0                             92.6802      0.00  
    0:00:01     542.1      0.00       0.0       0.0                             92.6802      0.00  
    0:00:01     542.1      0.00       0.0       0.0                             92.6802      0.00  
    0:00:01     542.1      0.00       0.0       0.0                             92.6802      0.00  
    0:00:01     542.1      0.00       0.0       0.0                             92.6802      0.00  
    0:00:01     542.1      0.00       0.0       0.0                             92.6802      0.00  
CPU Load: 10%, Ram Free: 20 GB, Swap Free: 3 GB, Work Disk Free: 164 GB, Tmp Disk Free: 300 GB
Loading db file '/import/yukari1/lrburle/sky130RHBDlib/sky130_rhbd/db/sky130_rhbd_tt_1P8_25C.ccs.db'
Loading db file '/import/yukari1/lrburle/sky130RHBDlib/sky130_rhbd/db/TMR_sky130_rhbd_tt_1P8_25C.ccs.db'


Note: Symbol # after min delay cost means estimated hold TNS across all active scenarios 


  Optimization Complete
  ---------------------
Information: State dependent leakage is now switched from off to on.
Information: Propagating switching activity (low effort zero delay simulation). (PWR-6)
CPU Load: 10%, Ram Free: 20 GB, Swap Free: 3 GB, Work Disk Free: 164 GB, Tmp Disk Free: 300 GB
Information: Total number of MV cells in the design.
----------------------------------------------------------------------------------------------------
 MV Cells                                           Total Number                                   
----------------------------------------------------------------------------------------------------
 Level Shifter:                                     0                                             
 Enable Level Shifter:                              0                                             
 Isolation Cell:                                    0                                             
 Retention Cell:                                    0                                             
 Retention Clamp Cell:                              0                                             
 Switch Cell:                                       0                                             
 Always-On Cell:                                    0                                             
 Repeater Cell:                                     0                                             

----------------------------------------------------------------------------------------------------
Unmapped MV Cells 
----------------------------------------------------------------------------------------------------
0 Isolation Cells are unmapped 
0 Retention Clamp Cells are unmapped 
----------------------------------------------------------------------------------------------------
1
# Eliminate need for assign statements (yuck!)
set verilogout_no_tri true
true
set verilogout_equation false
false
# setting to generate output files
set write_v    1        ;# generates structual netlist
1
set write_sdc  1	;# generates synopsys design constraint file for p&r
1
set write_ddc  1	;# compiler file in ddc format
1
set write_sdf  1	;# sdf file for backannotated timing sim
1
set write_pow  1 	;# genrates estimated power report
1
set write_rep  1	;# generates estimated area and timing report
1
set write_cst  1        ;# generate report of constraints
1
set write_hier 1        ;# generate hierarchy report
1
# Report Constraint Violators
set filename [format "%s%s%s"  "reports/" $my_toplevel "_constraint_all_violators.rpt"]
reports/fsm_test_constraint_all_violators.rpt
redirect $filename {report_constraint -all_violators}
# Check design
redirect reports/check_design.rpt { check_design }
# Report Final Netlist (Hierarchical)
set filename [format "%s%s%s"  "mapped/" $my_toplevel ".vh"]
mapped/fsm_test.vh
write_file -f verilog -hierarchy -output $filename
Writing verilog file '/import/yukari1/lrburle/sky130RHBDlib/flow/flow/synth/mapped/fsm_test.vh'.
Warning: Verilog 'assign' or 'tran' statements are written out. (VO-4)
1
set filename [format "%s%s%s"  "mapped/" $my_toplevel ".sdc"]
mapped/fsm_test.sdc
write_sdc $filename
1
set filename [format "%s%s%s"  "mapped/" $my_toplevel ".ddc"]
mapped/fsm_test.ddc
write_file -format ddc -hierarchy -o $filename
Writing ddc file 'mapped/fsm_test.ddc'.
1
set filename [format "%s%s%s"  "mapped/" $my_toplevel ".sdf"]
mapped/fsm_test.sdf
write_sdf $filename
Information: Annotated 'cell' delays are assumed to include load delay. (UID-282)
Information: Writing timing information to file '/import/yukari1/lrburle/sky130RHBDlib/flow/flow/synth/mapped/fsm_test.sdf'. (WT-3)
1
# QoR
set filename [format "%s%s%s"  "reports/" $my_toplevel "_qor.rep"]
reports/fsm_test_qor.rep
redirect $filename { report_qor }
# Report Timing
set filename [format "%s%s%s"  "reports/" $my_toplevel "_reportpath.rep"]
reports/fsm_test_reportpath.rep
redirect $filename { report_path_group }
set filename [format "%s%s%s"  "reports/" $my_toplevel "_report_clock.rep"]
reports/fsm_test_report_clock.rep
redirect $filename { report_clock }
set filename [format "%s%s%s" "reports/" $my_toplevel "_timing.rep"]
reports/fsm_test_timing.rep
redirect $filename { report_timing -capacitance -transition_time -nets -nworst 1 }
set filename [format "%s%s%s" "reports/" $my_toplevel "_min_timing.rep"]
reports/fsm_test_min_timing.rep
redirect $filename { report_timing -delay min }
set filename [format "%s%s%s" "reports/" $my_toplevel "_area.rep"]
reports/fsm_test_area.rep
redirect $filename { report_area -hierarchy -nosplit -physical -designware}
set filename [format "%s%s%s" "reports/" $my_toplevel "_cell.rep"]
reports/fsm_test_cell.rep
redirect $filename { report_cell [get_cells -hier *] }
set filename [format "%s%s%s" "reports/" $my_toplevel "_power.rep"]
reports/fsm_test_power.rep
redirect $filename { report_power }
set filename [format "%s%s%s" "reports/" $my_toplevel "_constraint.rep"]
reports/fsm_test_constraint.rep
redirect $filename { report_constraint }
set filename [format "%s%s%s" "reports/" $my_toplevel "_hier.rep"]
reports/fsm_test_hier.rep
redirect $filename { report_hierarchy }
# Quit
quit

Memory usage for this session 119 Mbytes.
Memory usage for this session including child processes 119 Mbytes.
CPU usage for this session 2 seconds ( 0.00 hours ).
Elapsed time for this session 3 seconds ( 0.00 hours ).

Thank you...
