CONT		PIN		1		0
CONT		LEFPIN		2		0
CONT		FILL		3		0
CONT		FILLOPC		4		0
CONT		VIA		5		0
CONT		VIAFILL		6		0
CONT		VIAFILLOPC		7		0
MET1		NET		8		0
MET1		SPNET		9		0
MET1		PIN		10		0
MET1		LEFPIN		11		0
MET1		FILL		12		0
MET1		FILLOPC		13		0
MET1		VIA		14		0
MET1		VIAFILL		15		0
MET1		VIAFILLOPC		16		0
MET1		LEFOBS		17		0
NAME		MET1/NET		18		0
NAME		MET1/SPNET		19		0
NAME		MET1/PIN		20		0
NAME		MET1/LEFPIN		21		0
VIA12		PIN		22		0
VIA12		LEFPIN		23		0
VIA12		FILL		24		0
VIA12		FILLOPC		25		0
VIA12		VIA		26		0
VIA12		VIAFILL		27		0
VIA12		VIAFILLOPC		28		0
MET2		NET		29		0
MET2		SPNET		30		0
MET2		PIN		31		0
MET2		LEFPIN		32		0
MET2		FILL		33		0
MET2		FILLOPC		34		0
MET2		VIA		35		0
MET2		VIAFILL		36		0
MET2		VIAFILLOPC		37		0
MET2		LEFOBS		38		0
NAME		MET2/NET		39		0
NAME		MET2/SPNET		40		0
NAME		MET2/PIN		41		0
NAME		MET2/LEFPIN		42		0
VIA23		PIN		43		0
VIA23		LEFPIN		44		0
VIA23		FILL		45		0
VIA23		FILLOPC		46		0
VIA23		VIA		47		0
VIA23		VIAFILL		48		0
VIA23		VIAFILLOPC		49		0
MET3		NET		50		0
MET3		SPNET		51		0
MET3		PIN		52		0
MET3		LEFPIN		53		0
MET3		FILL		54		0
MET3		FILLOPC		55		0
MET3		VIA		56		0
MET3		VIAFILL		57		0
MET3		VIAFILLOPC		58		0
MET3		LEFOBS		59		0
NAME		MET3/NET		60		0
NAME		MET3/SPNET		61		0
NAME		MET3/PIN		62		0
NAME		MET3/LEFPIN		63		0
VIA34		PIN		64		0
VIA34		LEFPIN		65		0
VIA34		FILL		66		0
VIA34		FILLOPC		67		0
VIA34		VIA		68		0
VIA34		VIAFILL		69		0
VIA34		VIAFILLOPC		70		0
MET4		NET		71		0
MET4		SPNET		72		0
MET4		PIN		73		0
MET4		LEFPIN		74		0
MET4		FILL		75		0
MET4		FILLOPC		76		0
MET4		VIA		77		0
MET4		VIAFILL		78		0
MET4		VIAFILLOPC		79		0
MET4		LEFOBS		80		0
NAME		MET4/NET		81		0
NAME		MET4/SPNET		82		0
NAME		MET4/PIN		83		0
NAME		MET4/LEFPIN		84		0
VIA45		PIN		85		0
VIA45		LEFPIN		86		0
VIA45		FILL		87		0
VIA45		FILLOPC		88		0
VIA45		VIA		89		0
VIA45		VIAFILL		90		0
VIA45		VIAFILLOPC		91		0
MET5		NET		92		0
MET5		SPNET		93		0
MET5		PIN		94		0
MET5		LEFPIN		95		0
MET5		FILL		96		0
MET5		FILLOPC		97		0
MET5		VIA		98		0
MET5		VIAFILL		99		0
MET5		VIAFILLOPC		100		0
MET5		LEFOBS		101		0
NAME		MET5/NET		102		0
NAME		MET5/SPNET		103		0
NAME		MET5/PIN		104		0
NAME		MET5/LEFPIN		105		0
NAME		COMP		106		0
COMP		ALL		107		0
DIEAREA		ALL		108		0
