###############################################################
#  Generated by:      Cadence Innovus 21.16-s078_1
#  OS:                Linux x86_64(Host ID yukari.ecen.okstate.edu)
#  Generated on:      Fri May 23 09:52:42 2025
#  Design:            riscvsingle
#  Command:           checkDesign -all
###############################################################
Design: riscvsingle

------ Design Summary:
Total Standard Cell Number   (cells) : 14263
Total Block Cell Number      (cells) : 0
Total I/O Pad Cell Number    (cells) : 0
Total Standard Cell Area     ( um^2) : 618627.82
Total Block Cell Area        ( um^2) : 0.00
Total I/O Pad Cell Area      ( um^2) : 0.00

------ Design Statistics:

Number of Instances            : 14263
Number of Non-uniquified Insts : 14263
Number of Nets                 : 14331
Average number of Pins per Net : 2.85
Maximum number of Pins in Net  : 1025

------ I/O Port summary

Number of Primary I/O Ports    : 163
Number of Input Ports          : 66
Number of Output Ports         : 97
Number of Bidirectional Ports  : 0
Number of Power/Ground Ports   : 0



------------------------------------------------------------
Detail report:


------ I/O Pad/Port Checking

WARN : Port Instr[1] is floating in the top design.
WARN : Port Instr[0] is floating in the top design.

