/import/programs/cadence/LIBERATE/current/bin/spectre -64 -plugin /import/programs/cadence/LIBERATE/current/lib/lnx86_64_2.6/libSki.so +multiple -cp -ss -l -f nutascii +lqt 0 

Reading file:  /dev/shm/netlistmDEVI0
Time for NDB Parsing: CPU = 2.023810e-01 s, elapsed = 2.467310e-01 s.
Time accumulated: CPU = 9.920634e+01 s (1m  39.2s), elapsed = 9.958868e+01 s
        (1m  39.6s).
Peak resident memory used = 2.20e+08 bytes.


Warning from spectre during circuit read-in.
    WARNING (SFE-411): "/dev/shm/netlistmDEVI0" 217: Hierarchical node
        `x_PM_TMRDFFSNRNQX1%noxref_11.13' will be treated as a regular
        (non-hierarchical) node because either it does not exist in the design
        or a signal name of the instance or node contains the hierarchy
        delimiter `.'. Check that both instance name and node name are correct
        and the signal name of the instance or node does not contain the
        hierarchy delimiter. Next, rerun the simulation.
    WARNING (SFE-411): "/dev/shm/netlistmDEVI0" 219: Hierarchical node
        `x_PM_TMRDFFSNRNQX1%noxref_11.53' will be treated as a regular
        (non-hierarchical) node because either it does not exist in the design
        or a signal name of the instance or node contains the hierarchy
        delimiter `.'. Check that both instance name and node name are correct
        and the signal name of the instance or node does not contain the
        hierarchy delimiter. Next, rerun the simulation.
    WARNING (SFE-411): "/dev/shm/netlistmDEVI0" 247: Hierarchical node
        `x_PM_TMRDFFSNRNQX1%noxref_1.5' will be treated as a regular
        (non-hierarchical) node because either it does not exist in the design
        or a signal name of the instance or node contains the hierarchy
        delimiter `.'. Check that both instance name and node name are correct
        and the signal name of the instance or node does not contain the
        hierarchy delimiter. Next, rerun the simulation.
    WARNING (SFE-411): "/dev/shm/netlistmDEVI0" 259: Hierarchical node
        `x_PM_TMRDFFSNRNQX1%noxref_1.33' will be treated as a regular
        (non-hierarchical) node because either it does not exist in the design
        or a signal name of the instance or node contains the hierarchy
        delimiter `.'. Check that both instance name and node name are correct
        and the signal name of the instance or node does not contain the
        hierarchy delimiter. Next, rerun the simulation.
    WARNING (SFE-411): "/dev/shm/netlistmDEVI0" 367: Hierarchical node
        `x_PM_TMRDFFSNRNQX1%noxref_13.5' will be treated as a regular
        (non-hierarchical) node because either it does not exist in the design
        or a signal name of the instance or node contains the hierarchy
        delimiter `.'. Check that both instance name and node name are correct
        and the signal name of the instance or node does not contain the
        hierarchy delimiter. Next, rerun the simulation.
        Further occurrences of this warning will be suppressed.

Time for Elaboration: CPU = 9.341700e-02 s, elapsed = 9.404898e-02 s.
Time accumulated: CPU = 9.929985e+01 s (1m  39.3s), elapsed = 9.968283e+01 s
        (1m  39.7s).
Peak resident memory used = 2.20e+08 bytes.


Time for EDB Visiting: CPU = 8.742900e-02 s, elapsed = 8.743000e-02 s.
Time accumulated: CPU = 9.938741e+01 s (1m  39.4s), elapsed = 9.977039e+01 s
        (1m  39.8s).
Peak resident memory used = 2.20e+08 bytes.


Notice from spectre during topology check.
    Only one connection to the following 106 nodes:
        x_PM_TMRDFFSNRNQX1%D.26
        x_PM_TMRDFFSNRNQX1%D.33
        x_PM_TMRDFFSNRNQX1%D.16
        x_PM_TMRDFFSNRNQX1%GND.692
        x_PM_TMRDFFSNRNQX1%GND.680
        Further occurrences of this notice will be suppressed.
    No DC path from node `x_PM_TMRDFFSNRNQX1%noxref_21.140' to ground, Gmin
        installed to provide path.


Global user options:
               temp = 25
warning_change_severity = error
         warning_id = MDL-360
      preserve_inst = [ VGND VVDD ]
           autostop = spice
             digits = 6
            measdgt = 6
           notation = sci
             ingold = sci
               save = nooutput

Scoped user options:

Circuit inventory:
              nodes 4273
              bsim4 183   
          capacitor 11977 
           resistor 4465  
            vsource 7     

Analysis and control statement inventory:
               tran 1     

Output statements:
             .probe 0     
           .measure 0     
               save 0     


Notice from spectre.
    1 notice suppressed.
    1903 warnings suppressed.


*************************************************************************
Transient Analysis `timeSweep': time = (0.000000e+00 s -> 1.000037e-03 s)
*************************************************************************

Notice from spectre during IC analysis, during transient analysis `timeSweep'.
    There are 2 IC nodes defined.
    GminDC = 1.000000e-12 S is large enough to noticeably affect the DC
        solution.
        dV(MM32_noxref.nmos_0:int_s) = 1.060229e-01 V
        Use the `gmin_check' option to eliminate or expand this report.

DC simulation time: CPU = 4.818500e-02 s, elapsed = 4.819298e-02 s.
Important parameter values:
    start = 0.000000e+00 s
    outputstart = 0.000000e+00 s
    stop = 1.000037e-03 s
    step = 1.000000e-12 s
    maxstep = 2.000073e-05 s
    ic = all
    useprevic = no
    skipdc = no
    reltol = 1.000000e-03
    abstol(V) = 1.000000e-06 V
    abstol(I) = 1.000000e-12 A
    temp = 2.500000e+01 C
    tnom = 2.700000e+01 C
    tempeffects = all
    errpreset = moderate
    method = traponly
    lteratio = 3.500000e+00
    relref = sigglobal
    cmin = 0.000000e+00 F
    gmin = 1.000000e-12 S


Output and IC/nodeset summary:
                 ic     2       
                 nodeset        19      


Notice from spectre at time = 7.309537e-08 s during transient analysis
        `timeSweep'.
    Found trapezoidal ringing on node N_noxref_23_M172_noxref_g.

......9......

Notice from spectre at time = 2.005376e-04 s during transient analysis
        `timeSweep'.
    Found trapezoidal ringing on node N_noxref_23_M172_noxref_g.

......9......8

Notice from spectre at time = 2.205383e-04 s during transient analysis
        `timeSweep'.
    Found trapezoidal ringing on node N_noxref_23_M172_noxref_g.

......9......8.

Notice from spectre at time = 2.405390e-04 s during transient analysis
        `timeSweep'.
    Found trapezoidal ringing on node N_noxref_23_M172_noxref_g.

......9......8...

Notice from spectre at time = 2.605398e-04 s during transient analysis
        `timeSweep'.
    Found trapezoidal ringing on node N_noxref_23_M172_noxref_g.
        Further occurrences of this notice will be suppressed.

......9......8......7......6......5......4......3......2......1......0
Number of accepted tran steps =             228

Notice from spectre during transient analysis `timeSweep'.
    Trapezoidal ringing is detected during tran analysis.
        Please use method=trap for better results and performance.


Maximum value achieved for any signal of each quantity: 
V: V(noxref_68) = 2.006e+00 V
I: I(VVDD:p) = 7.324e-04 A
If your circuit contains signals of the same quantity that are vastly different
        in size (such as high voltage circuitry combined with low voltage
        control circuitry), you should consider specifying global option
        `bin_relref=yes'.

~~~~~~~~~~~~~~~~~~~~~~~~~~~~~~~~~
Post-Transient Simulation Summary
~~~~~~~~~~~~~~~~~~~~~~~~~~~~~~~~~
   -   To further speed up simulation, consider
          add ++aps on command line
~~~~~~~~~~~~~~~~~~~~~~~~~~~~~~~~~


During simulation, the CPU load for active processors is :
         0 (19.4 %)      1 (37.1 %)      2 (36.3 %)      3 (45.7 %)
         4 (33.6 %)      5 (33.6 %)      6 (38.4 %)      7 (38.3 %)
         8 (49.6 %)      9 (28.7 %)     10 (26.2 %)     11 (21.9 %)
        12 (31.7 %)     13 (80.5 %)     14 (40.6 %)     15 (26.8 %)
        17 (54.5 %)     18 (94.8 %)     19 (17.0 %)     20 (25.5 %)
        21 (62.8 %)     22 (24.7 %)     23 (82.8 %)     24 (34.5 %)
        25 (10.0 %)     26 (8.9 %)      27 (58.9 %)     28 (33.6 %)
        29 (43.9 %)     30 (72.4 %)     31 (69.3 %)     32 (17.3 %)
        33 (2.9 %)      34 (45.4 %)     35 (65.4 %)     36 (48.8 %)
        37 (46.0 %)     38 (21.5 %)     39 (33.1 %)     40 (17.7 %)
        41 (45.3 %)     42 (55.0 %)     43 (39.4 %)     44 (29.0 %)
        45 (48.3 %)     46 (39.8 %)     47 (38.8 %)     48 (75.9 %)
        49 (41.0 %)     50 (42.4 %)     51 (5.4 %)      52 (5.6 %)
        53 (50.0 %)     54 (5.1 %)      55 (29.1 %)     56 (27.9 %)
        57 (44.3 %)     58 (25.1 %)     59 (17.6 %)     60 (5.7 %)
        61 (2.4 %)      62 (32.9 %)     63 (38.6 %)     64 (75.7 %)
        66 (1.0 %)      67 (56.0 %)     68 (1.4 %)      69 (6.8 %)
        70 (9.4 %)      72 (42.6 %)     73 (89.9 %)     74 (88.6 %)
        76 (25.8 %)     77 (30.8 %)     79 (27.2 %)     80 (31.2 %)
        81 (86.9 %)     82 (6.4 %)      84 (6.8 %)      86 (23.8 %)
        87 (32.3 %)     88 (57.9 %)     89 (46.4 %)     90 (3.0 %)
        91 (40.9 %)     92 (20.5 %)     93 (16.6 %)     94 (43.7 %)
        95 (16.6 %)     
        Total: 3216.3%
Initial condition solution time: CPU = 4.822700e-02 s, elapsed = 4.823494e-02
        s.
Intrinsic tran analysis time:    CPU = 1.158222e+00 s, elapsed = 1.158284e+00
        s.
Total time required for tran analysis `timeSweep': CPU = 1.234300e+00 s,
        elapsed = 1.234387e+00 s, util. = 1.00e+02%.
Time accumulated: CPU = 1.006460e+02 s (1m  40.6s), elapsed = 1.010291e+02 s
        (1m  41.0s).
Peak resident memory used = 2.21e+08 bytes.


Notice from spectre.
    37 notices suppressed.


*************************************************************************
Transient Analysis `timeSweep': time = (0.000000e+00 s -> 1.000057e-03 s)
*************************************************************************

Notice from spectre during transient analysis `timeSweep'.
    There are 4950 IC nodes defined.

Important parameter values:
    start = 0.000000e+00 s
    outputstart = 0.000000e+00 s
    stop = 1.000057e-03 s
    step = 1.000000e-12 s
    maxstep = 2.000113e-05 s
    ic = all
    useprevic = no
    skipdc = useprevic
    reltol = 1.000000e-03
    abstol(V) = 1.000000e-06 V
    abstol(I) = 1.000000e-12 A
    temp = 2.500000e+01 C
    tnom = 2.700000e+01 C
    tempeffects = all
    errpreset = moderate
    method = traponly
    lteratio = 3.500000e+00
    relref = sigglobal
    cmin = 0.000000e+00 F
    gmin = 1.000000e-12 S


Output and IC/nodeset summary:
                 ic     2       
                 nodeset        19      


Notice from spectre at time = 8.774713e-08 s during transient analysis
        `timeSweep'.
    Found trapezoidal ringing on node N_noxref_23_M172_noxref_g.

......9.....

Notice from spectre at time = 1.936198e-04 s during transient analysis
        `timeSweep'.
    Found trapezoidal ringing on node N_noxref_23_M172_noxref_g.

......9......8

Notice from spectre at time = 2.136210e-04 s during transient analysis
        `timeSweep'.
    Found trapezoidal ringing on node N_noxref_23_M172_noxref_g.

......9......8.

Notice from spectre at time = 2.336221e-04 s during transient analysis
        `timeSweep'.
    Found trapezoidal ringing on node N_noxref_23_M172_noxref_g.

......9......8..

Notice from spectre at time = 2.536232e-04 s during transient analysis
        `timeSweep'.
    Found trapezoidal ringing on node N_noxref_23_M172_noxref_g.
        Further occurrences of this notice will be suppressed.

......9......8......7......6......5......4......3......2......1......0
Number of accepted tran steps =             234

Notice from spectre during transient analysis `timeSweep'.
    Trapezoidal ringing is detected during tran analysis.
        Please use method=trap for better results and performance.


Maximum value achieved for any signal of each quantity: 
V: V(noxref_68) = 2.006e+00 V
I: I(VVDD:p) = 7.324e-04 A
If your circuit contains signals of the same quantity that are vastly different
        in size (such as high voltage circuitry combined with low voltage
        control circuitry), you should consider specifying global option
        `bin_relref=yes'.

~~~~~~~~~~~~~~~~~~~~~~~~~~~~~~~~~
Post-Transient Simulation Summary
~~~~~~~~~~~~~~~~~~~~~~~~~~~~~~~~~
   -   To further speed up simulation, consider
          add ++aps on command line
~~~~~~~~~~~~~~~~~~~~~~~~~~~~~~~~~


During simulation, the CPU load for active processors is :
         0 (20.3 %)      1 (37.8 %)      2 (37.0 %)      3 (45.9 %)
         4 (34.3 %)      5 (33.3 %)      6 (38.0 %)      7 (37.9 %)
         8 (49.1 %)      9 (29.5 %)     10 (26.5 %)     11 (21.6 %)
        12 (31.4 %)     13 (80.7 %)     14 (40.2 %)     15 (27.6 %)
        17 (55.0 %)     18 (94.2 %)     19 (17.9 %)     20 (26.3 %)
        21 (62.1 %)     22 (25.6 %)     23 (83.0 %)     24 (35.3 %)
        25 (10.1 %)     26 (9.9 %)      27 (59.4 %)     28 (33.2 %)
        29 (43.5 %)     30 (72.7 %)     31 (68.5 %)     32 (17.1 %)
        33 (2.8 %)      34 (46.0 %)     35 (65.8 %)     36 (49.3 %)
        37 (46.6 %)     38 (21.3 %)     39 (33.4 %)     40 (17.5 %)
        41 (45.9 %)     42 (55.5 %)     43 (40.1 %)     44 (28.7 %)
        45 (47.7 %)     46 (39.4 %)     47 (38.4 %)     48 (75.0 %)
        49 (40.5 %)     50 (41.9 %)     51 (5.4 %)      52 (5.6 %)
        53 (49.5 %)     54 (5.1 %)      55 (28.8 %)     56 (28.7 %)
        57 (43.8 %)     58 (24.8 %)     59 (17.4 %)     60 (5.6 %)
        61 (2.4 %)      62 (33.7 %)     63 (38.2 %)     64 (75.0 %)
        66 (1.0 %)      67 (55.4 %)     68 (1.3 %)      69 (6.7 %)
        70 (9.3 %)      72 (42.1 %)     73 (88.9 %)     74 (87.6 %)
        76 (25.6 %)     77 (31.6 %)     79 (27.4 %)     80 (32.0 %)
        81 (85.9 %)     82 (6.3 %)      84 (6.7 %)      86 (23.5 %)
        87 (31.9 %)     88 (57.2 %)     89 (45.9 %)     90 (3.0 %)
        91 (40.5 %)     92 (20.3 %)     93 (17.6 %)     94 (44.4 %)
        95 (16.4 %)     
        Total: 3216.4%
Initial condition solution time: CPU = 0.000000e+00 s, elapsed = 0.000000e+00
        s.
Intrinsic tran analysis time:    CPU = 1.059054e+00 s, elapsed = 1.059082e+00
        s.
Total time required for tran analysis `timeSweep': CPU = 1.070520e+00 s,
        elapsed = 1.070545e+00 s, util. = 1.00e+02%.
Time accumulated: CPU = 1.017623e+02 s (1m  41.8s), elapsed = 1.021456e+02 s
        (1m  42.1s).
Peak resident memory used = 2.21e+08 bytes.


Notice from spectre.
    38 notices suppressed.


*************************************************************************
Transient Analysis `timeSweep': time = (0.000000e+00 s -> 1.000097e-03 s)
*************************************************************************

Notice from spectre during transient analysis `timeSweep'.
    There are 4950 IC nodes defined.

Important parameter values:
    start = 0.000000e+00 s
    outputstart = 0.000000e+00 s
    stop = 1.000097e-03 s
    step = 1.000000e-12 s
    maxstep = 2.000193e-05 s
    ic = all
    useprevic = no
    skipdc = useprevic
    reltol = 1.000000e-03
    abstol(V) = 1.000000e-06 V
    abstol(I) = 1.000000e-12 A
    temp = 2.500000e+01 C
    tnom = 2.700000e+01 C
    tempeffects = all
    errpreset = moderate
    method = traponly
    lteratio = 3.500000e+00
    relref = sigglobal
    cmin = 0.000000e+00 F
    gmin = 1.000000e-12 S


Output and IC/nodeset summary:
                 ic     2       
                 nodeset        19      


Notice from spectre at time = 1.344329e-07 s during transient analysis
        `timeSweep'.
    Found trapezoidal ringing on node N_noxref_23_M172_noxref_g.

......9......

Notice from spectre at time = 2.004659e-04 s during transient analysis
        `timeSweep'.
    Found trapezoidal ringing on node N_noxref_23_M172_noxref_g.

......9......8

Notice from spectre at time = 2.204678e-04 s during transient analysis
        `timeSweep'.
    Found trapezoidal ringing on node N_noxref_23_M172_noxref_g.

......9......8.

Notice from spectre at time = 2.404698e-04 s during transient analysis
        `timeSweep'.
    Found trapezoidal ringing on node N_noxref_23_M172_noxref_g.

......9......8...

Notice from spectre at time = 2.604717e-04 s during transient analysis
        `timeSweep'.
    Found trapezoidal ringing on node N_noxref_23_M172_noxref_g.
        Further occurrences of this notice will be suppressed.

......9......8......7......6......5......4......3......2......1......0
Number of accepted tran steps =             237

Notice from spectre during transient analysis `timeSweep'.
    Trapezoidal ringing is detected during tran analysis.
        Please use method=trap for better results and performance.


Maximum value achieved for any signal of each quantity: 
V: V(noxref_68) = 2.006e+00 V
I: I(VVDD:p) = 7.324e-04 A
If your circuit contains signals of the same quantity that are vastly different
        in size (such as high voltage circuitry combined with low voltage
        control circuitry), you should consider specifying global option
        `bin_relref=yes'.

~~~~~~~~~~~~~~~~~~~~~~~~~~~~~~~~~
Post-Transient Simulation Summary
~~~~~~~~~~~~~~~~~~~~~~~~~~~~~~~~~
   -   To further speed up simulation, consider
          add ++aps on command line
~~~~~~~~~~~~~~~~~~~~~~~~~~~~~~~~~


During simulation, the CPU load for active processors is :
         0 (21.2 %)      1 (38.5 %)      2 (37.7 %)      3 (46.0 %)
         4 (35.1 %)      5 (33.3 %)      6 (37.6 %)      7 (37.5 %)
         8 (48.6 %)      9 (30.2 %)     10 (27.3 %)     11 (21.4 %)
        12 (31.6 %)     13 (80.7 %)     14 (39.8 %)     15 (28.4 %)
        17 (55.5 %)     18 (93.1 %)     19 (18.8 %)     20 (27.1 %)
        21 (61.5 %)     22 (26.4 %)     23 (83.2 %)     24 (36.0 %)
        25 (10.0 %)     26 (10.9 %)     27 (59.8 %)     28 (32.9 %)
        29 (43.0 %)     30 (73.0 %)     31 (67.8 %)     32 (16.9 %)
        33 (2.9 %)      34 (46.2 %)     35 (66.1 %)     36 (49.8 %)
        37 (47.2 %)     38 (21.1 %)     39 (34.1 %)     40 (17.3 %)
        41 (46.5 %)     42 (55.9 %)     43 (40.8 %)     44 (28.4 %)
        45 (47.2 %)     46 (38.9 %)     47 (38.0 %)     48 (74.2 %)
        49 (40.1 %)     50 (41.4 %)     51 (5.3 %)      52 (5.5 %)
        53 (48.9 %)     54 (5.0 %)      55 (28.5 %)     56 (29.5 %)
        57 (43.4 %)     58 (24.6 %)     59 (17.2 %)     60 (5.6 %)
        61 (2.5 %)      62 (34.3 %)     63 (37.7 %)     64 (74.2 %)
        67 (54.8 %)     68 (1.3 %)      69 (6.6 %)      70 (9.2 %)
        72 (41.6 %)     73 (88.0 %)     74 (86.7 %)     76 (25.3 %)
        77 (32.2 %)     79 (27.1 %)     80 (32.7 %)     81 (85.0 %)
        82 (6.3 %)      84 (6.6 %)      86 (23.2 %)     87 (31.6 %)
        88 (56.6 %)     89 (45.4 %)     90 (3.0 %)      91 (40.0 %)
        92 (20.0 %)     93 (18.5 %)     94 (45.0 %)     95 (16.3 %)
        Total: 3216.4%
Initial condition solution time: CPU = 0.000000e+00 s, elapsed = 0.000000e+00
        s.
Intrinsic tran analysis time:    CPU = 1.064463e+00 s, elapsed = 1.064496e+00
        s.
Total time required for tran analysis `timeSweep': CPU = 1.075640e+00 s,
        elapsed = 1.075670e+00 s, util. = 1.00e+02%.
Time accumulated: CPU = 1.028855e+02 s (1m  42.9s), elapsed = 1.032689e+02 s
        (1m  43.3s).
Peak resident memory used = 2.21e+08 bytes.


Notice from spectre.
    37 notices suppressed.


*************************************************************************
Transient Analysis `timeSweep': time = (0.000000e+00 s -> 1.000177e-03 s)
*************************************************************************

Notice from spectre during transient analysis `timeSweep'.
    There are 4950 IC nodes defined.

Important parameter values:
    start = 0.000000e+00 s
    outputstart = 0.000000e+00 s
    stop = 1.000177e-03 s
    step = 1.000000e-12 s
    maxstep = 2.000353e-05 s
    ic = all
    useprevic = no
    skipdc = useprevic
    reltol = 1.000000e-03
    abstol(V) = 1.000000e-06 V
    abstol(I) = 1.000000e-12 A
    temp = 2.500000e+01 C
    tnom = 2.700000e+01 C
    tempeffects = all
    errpreset = moderate
    method = traponly
    lteratio = 3.500000e+00
    relref = sigglobal
    cmin = 0.000000e+00 F
    gmin = 1.000000e-12 S


Output and IC/nodeset summary:
                 ic     2       
                 nodeset        19      


Notice from spectre at time = 2.110410e-07 s during transient analysis
        `timeSweep'.
    Found trapezoidal ringing on node N_noxref_23_M172_noxref_g.

......9.....

Notice from spectre at time = 1.981327e-04 s during transient analysis
        `timeSweep'.
    Found trapezoidal ringing on node N_noxref_23_M172_noxref_g.

......9......8

Notice from spectre at time = 2.181363e-04 s during transient analysis
        `timeSweep'.
    Found trapezoidal ringing on node N_noxref_23_M172_noxref_g.

......9......8.

Notice from spectre at time = 2.381398e-04 s during transient analysis
        `timeSweep'.
    Found trapezoidal ringing on node N_noxref_23_M172_noxref_g.

......9......8...

Notice from spectre at time = 2.581433e-04 s during transient analysis
        `timeSweep'.
    Found trapezoidal ringing on node N_noxref_23_M172_noxref_g.
        Further occurrences of this notice will be suppressed.

......9......8......7......6......5......4......3......2......1......0
Number of accepted tran steps =             240

Notice from spectre during transient analysis `timeSweep'.
    Trapezoidal ringing is detected during tran analysis.
        Please use method=trap for better results and performance.


Maximum value achieved for any signal of each quantity: 
V: V(noxref_68) = 2.006e+00 V
I: I(VVDD:p) = 7.324e-04 A
If your circuit contains signals of the same quantity that are vastly different
        in size (such as high voltage circuitry combined with low voltage
        control circuitry), you should consider specifying global option
        `bin_relref=yes'.

~~~~~~~~~~~~~~~~~~~~~~~~~~~~~~~~~
Post-Transient Simulation Summary
~~~~~~~~~~~~~~~~~~~~~~~~~~~~~~~~~
   -   To further speed up simulation, consider
          add ++aps on command line
~~~~~~~~~~~~~~~~~~~~~~~~~~~~~~~~~


During simulation, the CPU load for active processors is :
         0 (21.8 %)      1 (39.2 %)      2 (38.4 %)      3 (45.8 %)
         4 (35.8 %)      5 (33.2 %)      6 (37.2 %)      7 (37.1 %)
         8 (48.0 %)      9 (31.0 %)     10 (28.1 %)     11 (21.1 %)
        12 (31.5 %)     13 (80.8 %)     14 (39.4 %)     15 (29.2 %)
        17 (56.0 %)     18 (92.1 %)     19 (19.7 %)     20 (27.9 %)
        21 (60.8 %)     22 (27.2 %)     23 (83.4 %)     24 (36.7 %)
        25 (9.9 %)      26 (11.9 %)     27 (60.3 %)     28 (32.6 %)
        29 (42.5 %)     30 (73.3 %)     31 (67.0 %)     32 (16.8 %)
        33 (2.9 %)      34 (45.7 %)     35 (66.5 %)     36 (50.4 %)
        37 (47.8 %)     38 (20.9 %)     39 (34.8 %)     40 (17.1 %)
        41 (47.1 %)     42 (56.4 %)     43 (41.4 %)     44 (28.1 %)
        45 (46.7 %)     46 (38.5 %)     47 (37.6 %)     48 (73.4 %)
        49 (39.6 %)     50 (41.0 %)     51 (5.3 %)      52 (5.5 %)
        53 (48.4 %)     54 (5.0 %)      55 (28.2 %)     56 (30.3 %)
        57 (42.9 %)     58 (24.3 %)     59 (17.0 %)     60 (6.4 %)
        61 (2.5 %)      62 (35.0 %)     63 (37.3 %)     64 (73.4 %)
        67 (54.2 %)     68 (1.3 %)      69 (6.6 %)      70 (9.1 %)
        72 (41.2 %)     73 (87.8 %)     74 (85.7 %)     76 (25.1 %)
        77 (33.0 %)     79 (26.8 %)     80 (33.5 %)     81 (84.0 %)
        82 (6.3 %)      84 (6.6 %)      86 (23.0 %)     87 (31.2 %)
        88 (56.0 %)     89 (44.9 %)     90 (2.9 %)      91 (39.6 %)
        92 (19.8 %)     93 (19.4 %)     94 (45.6 %)     95 (16.1 %)
        Total: 3216.4%
Initial condition solution time: CPU = 0.000000e+00 s, elapsed = 0.000000e+00
        s.
Intrinsic tran analysis time:    CPU = 1.117031e+00 s, elapsed = 1.117067e+00
        s.
Total time required for tran analysis `timeSweep': CPU = 1.128432e+00 s,
        elapsed = 1.128462e+00 s, util. = 1.00e+02%.
Time accumulated: CPU = 1.040554e+02 s (1m  44.1s), elapsed = 1.044389e+02 s
        (1m  44.4s).
Peak resident memory used = 2.21e+08 bytes.


Notice from spectre.
    38 notices suppressed.


*************************************************************************
Transient Analysis `timeSweep': time = (0.000000e+00 s -> 1.000337e-03 s)
*************************************************************************

Notice from spectre during transient analysis `timeSweep'.
    There are 4950 IC nodes defined.

Important parameter values:
    start = 0.000000e+00 s
    outputstart = 0.000000e+00 s
    stop = 1.000337e-03 s
    step = 1.000000e-12 s
    maxstep = 2.000673e-05 s
    ic = all
    useprevic = no
    skipdc = useprevic
    reltol = 1.000000e-03
    abstol(V) = 1.000000e-06 V
    abstol(I) = 1.000000e-12 A
    temp = 2.500000e+01 C
    tnom = 2.700000e+01 C
    tempeffects = all
    errpreset = moderate
    method = traponly
    lteratio = 3.500000e+00
    relref = sigglobal
    cmin = 0.000000e+00 F
    gmin = 1.000000e-12 S


Output and IC/nodeset summary:
                 ic     2       
                 nodeset        19      


Notice from spectre at time = 3.690136e-07 s during transient analysis
        `timeSweep'.
    Found trapezoidal ringing on node N_noxref_23_M172_noxref_g.

......9.....

Notice from spectre at time = 1.955621e-04 s during transient analysis
        `timeSweep'.
    Found trapezoidal ringing on node N_noxref_23_M172_noxref_g.

......9......8

Notice from spectre at time = 2.155689e-04 s during transient analysis
        `timeSweep'.
    Found trapezoidal ringing on node N_noxref_23_M172_noxref_g.

......9......8.

Notice from spectre at time = 2.355756e-04 s during transient analysis
        `timeSweep'.
    Found trapezoidal ringing on node N_noxref_23_M172_noxref_g.

......9......8..

Notice from spectre at time = 2.555823e-04 s during transient analysis
        `timeSweep'.
    Found trapezoidal ringing on node N_noxref_23_M172_noxref_g.
        Further occurrences of this notice will be suppressed.

......9......8......7......6......5......4......3......2......1......0
Number of accepted tran steps =             246

Notice from spectre during transient analysis `timeSweep'.
    Trapezoidal ringing is detected during tran analysis.
        Please use method=trap for better results and performance.


Maximum value achieved for any signal of each quantity: 
V: V(noxref_68) = 2.006e+00 V
I: I(VVDD:p) = 7.324e-04 A
If your circuit contains signals of the same quantity that are vastly different
        in size (such as high voltage circuitry combined with low voltage
        control circuitry), you should consider specifying global option
        `bin_relref=yes'.

~~~~~~~~~~~~~~~~~~~~~~~~~~~~~~~~~
Post-Transient Simulation Summary
~~~~~~~~~~~~~~~~~~~~~~~~~~~~~~~~~
   -   To further speed up simulation, consider
          add ++aps on command line
~~~~~~~~~~~~~~~~~~~~~~~~~~~~~~~~~


During simulation, the CPU load for active processors is :
         0 (21.5 %)      1 (39.8 %)      2 (39.1 %)      3 (46.4 %)
         4 (36.5 %)      5 (32.9 %)      6 (37.9 %)      7 (36.7 %)
         8 (47.5 %)      9 (31.8 %)     10 (28.9 %)     11 (20.9 %)
        12 (31.1 %)     13 (79.9 %)     14 (38.9 %)     15 (30.0 %)
        17 (56.5 %)     18 (91.1 %)     19 (20.6 %)     20 (28.7 %)
        21 (60.1 %)     22 (28.0 %)     23 (83.6 %)     24 (37.4 %)
        25 (9.8 %)      26 (12.9 %)     27 (60.7 %)     28 (32.3 %)
        29 (42.1 %)     30 (73.6 %)     31 (66.3 %)     32 (16.6 %)
        33 (3.9 %)      34 (45.2 %)     35 (66.9 %)     36 (50.9 %)
        37 (48.4 %)     38 (20.7 %)     39 (35.6 %)     40 (16.9 %)
        41 (47.6 %)     42 (56.9 %)     43 (42.0 %)     44 (27.8 %)
        45 (46.2 %)     46 (38.1 %)     47 (37.2 %)     48 (72.6 %)
        49 (39.2 %)     50 (40.5 %)     51 (5.2 %)      52 (5.4 %)
        53 (47.9 %)     54 (4.9 %)      55 (27.9 %)     56 (31.1 %)
        57 (42.4 %)     58 (24.0 %)     59 (16.8 %)     60 (7.5 %)
        61 (2.5 %)      62 (35.7 %)     63 (36.9 %)     64 (72.5 %)
        67 (53.6 %)     68 (1.3 %)      69 (6.5 %)      70 (9.0 %)
        72 (40.7 %)     73 (87.0 %)     74 (84.8 %)     76 (24.8 %)
        77 (33.8 %)     79 (26.5 %)     80 (34.2 %)     81 (83.1 %)
        82 (6.3 %)      84 (6.5 %)      86 (22.7 %)     87 (30.9 %)
        88 (55.3 %)     89 (44.4 %)     90 (2.9 %)      91 (39.1 %)
        92 (19.6 %)     93 (20.3 %)     94 (46.2 %)     95 (15.9 %)
        Total: 3216.4%
Initial condition solution time: CPU = 0.000000e+00 s, elapsed = 0.000000e+00
        s.
Intrinsic tran analysis time:    CPU = 1.130217e+00 s, elapsed = 1.130245e+00
        s.
Total time required for tran analysis `timeSweep': CPU = 1.142645e+00 s,
        elapsed = 1.142669e+00 s, util. = 1.00e+02%.
Time accumulated: CPU = 1.052411e+02 s (1m  45.2s), elapsed = 1.056247e+02 s
        (1m  45.6s).
Peak resident memory used = 2.21e+08 bytes.


Notice from spectre.
    38 notices suppressed.


*************************************************************************
Transient Analysis `timeSweep': time = (0.000000e+00 s -> 1.000657e-03 s)
*************************************************************************

Notice from spectre during transient analysis `timeSweep'.
    There are 4950 IC nodes defined.

Important parameter values:
    start = 0.000000e+00 s
    outputstart = 0.000000e+00 s
    stop = 1.000657e-03 s
    step = 1.000000e-12 s
    maxstep = 2.001313e-05 s
    ic = all
    useprevic = no
    skipdc = useprevic
    reltol = 1.000000e-03
    abstol(V) = 1.000000e-06 V
    abstol(I) = 1.000000e-12 A
    temp = 2.500000e+01 C
    tnom = 2.700000e+01 C
    tempeffects = all
    errpreset = moderate
    method = traponly
    lteratio = 3.500000e+00
    relref = sigglobal
    cmin = 0.000000e+00 F
    gmin = 1.000000e-12 S


Output and IC/nodeset summary:
                 ic     2       
                 nodeset        19      


Notice from spectre at time = 6.902886e-07 s during transient analysis
        `timeSweep'.
    Found trapezoidal ringing on node N_noxref_23_M172_noxref_g.

......9.....

Notice from spectre at time = 1.986891e-04 s during transient analysis
        `timeSweep'.
    Found trapezoidal ringing on node N_noxref_23_M172_noxref_g.

......9......8

Notice from spectre at time = 2.187022e-04 s during transient analysis
        `timeSweep'.
    Found trapezoidal ringing on node N_noxref_23_M172_noxref_g.

......9......8.

Notice from spectre at time = 2.387153e-04 s during transient analysis
        `timeSweep'.
    Found trapezoidal ringing on node N_noxref_23_M172_noxref_g.

......9......8...

Notice from spectre at time = 2.587285e-04 s during transient analysis
        `timeSweep'.
    Found trapezoidal ringing on node N_noxref_23_M172_noxref_g.
        Further occurrences of this notice will be suppressed.

......9......8......7......6......5......4......3......2......1......0
Number of accepted tran steps =             244

Notice from spectre during transient analysis `timeSweep'.
    Trapezoidal ringing is detected during tran analysis.
        Please use method=trap for better results and performance.


Maximum value achieved for any signal of each quantity: 
V: V(noxref_68) = 2.006e+00 V
I: I(VVDD:p) = 7.324e-04 A
If your circuit contains signals of the same quantity that are vastly different
        in size (such as high voltage circuitry combined with low voltage
        control circuitry), you should consider specifying global option
        `bin_relref=yes'.

~~~~~~~~~~~~~~~~~~~~~~~~~~~~~~~~~
Post-Transient Simulation Summary
~~~~~~~~~~~~~~~~~~~~~~~~~~~~~~~~~
   -   To further speed up simulation, consider
          add ++aps on command line
~~~~~~~~~~~~~~~~~~~~~~~~~~~~~~~~~


During simulation, the CPU load for active processors is :
         0 (21.3 %)      1 (40.5 %)      2 (39.7 %)      3 (46.3 %)
         4 (37.2 %)      5 (33.1 %)      6 (38.5 %)      7 (36.3 %)
         8 (47.0 %)      9 (32.5 %)     10 (29.7 %)     11 (20.7 %)
        12 (30.8 %)     13 (79.1 %)     14 (38.5 %)     15 (30.7 %)
        17 (57.0 %)     18 (90.1 %)     19 (21.5 %)     20 (29.0 %)
        21 (59.5 %)     22 (28.8 %)     23 (83.7 %)     24 (37.6 %)
        25 (10.6 %)     26 (13.4 %)     27 (61.1 %)     28 (31.9 %)
        29 (41.6 %)     30 (73.8 %)     31 (65.6 %)     32 (16.4 %)
        33 (4.9 %)      34 (44.8 %)     35 (67.2 %)     36 (51.5 %)
        37 (48.9 %)     38 (20.5 %)     39 (36.2 %)     40 (16.7 %)
        41 (48.2 %)     42 (57.4 %)     43 (42.6 %)     44 (27.5 %)
        45 (45.7 %)     46 (37.7 %)     47 (36.8 %)     48 (71.8 %)
        49 (38.8 %)     50 (40.1 %)     51 (5.2 %)      52 (5.4 %)
        53 (47.4 %)     54 (4.9 %)      55 (27.6 %)     56 (31.8 %)
        57 (42.0 %)     58 (23.8 %)     59 (16.7 %)     60 (8.5 %)
        61 (2.4 %)      62 (36.4 %)     63 (36.5 %)     64 (71.8 %)
        67 (53.0 %)     68 (1.3 %)      69 (6.4 %)      70 (8.9 %)
        72 (40.7 %)     73 (86.1 %)     74 (83.9 %)     76 (24.5 %)
        77 (34.4 %)     79 (26.2 %)     80 (34.9 %)     81 (82.2 %)
        82 (6.2 %)      84 (6.4 %)      86 (22.5 %)     87 (30.6 %)
        88 (54.8 %)     89 (43.9 %)     90 (2.9 %)      91 (38.7 %)
        92 (19.4 %)     93 (21.1 %)     94 (46.8 %)     95 (15.7 %)
        Total: 3216.4%
Initial condition solution time: CPU = 0.000000e+00 s, elapsed = 0.000000e+00
        s.
Intrinsic tran analysis time:    CPU = 1.058836e+00 s, elapsed = 1.058868e+00
        s.
Total time required for tran analysis `timeSweep': CPU = 1.070605e+00 s,
        elapsed = 1.070633e+00 s, util. = 1.00e+02%.
Time accumulated: CPU = 1.063533e+02 s (1m  46.4s), elapsed = 1.067370e+02 s
        (1m  46.7s).
Peak resident memory used = 2.21e+08 bytes.


Notice from spectre.
    38 notices suppressed.


*************************************************************************
Transient Analysis `timeSweep': time = (0.000000e+00 s -> 1.001297e-03 s)
*************************************************************************

Notice from spectre during transient analysis `timeSweep'.
    There are 4950 IC nodes defined.

Important parameter values:
    start = 0.000000e+00 s
    outputstart = 0.000000e+00 s
    stop = 1.001297e-03 s
    step = 1.000000e-12 s
    maxstep = 2.002593e-05 s
    ic = all
    useprevic = no
    skipdc = useprevic
    reltol = 1.000000e-03
    abstol(V) = 1.000000e-06 V
    abstol(I) = 1.000000e-12 A
    temp = 2.500000e+01 C
    tnom = 2.700000e+01 C
    tempeffects = all
    errpreset = moderate
    method = traponly
    lteratio = 3.500000e+00
    relref = sigglobal
    cmin = 0.000000e+00 F
    gmin = 1.000000e-12 S


Output and IC/nodeset summary:
                 ic     2       
                 nodeset        19      


Notice from spectre at time = 1.330430e-06 s during transient analysis
        `timeSweep'.
    Found trapezoidal ringing on node N_noxref_23_M172_noxref_g.

......9......

Notice from spectre at time = 2.008168e-04 s during transient analysis
        `timeSweep'.
    Found trapezoidal ringing on node N_noxref_23_M172_noxref_g.

......9......8

Notice from spectre at time = 2.208427e-04 s during transient analysis
        `timeSweep'.
    Found trapezoidal ringing on node N_noxref_23_M172_noxref_g.

......9......8.

Notice from spectre at time = 2.408687e-04 s during transient analysis
        `timeSweep'.
    Found trapezoidal ringing on node N_noxref_23_M172_noxref_g.

......9......8...

Notice from spectre at time = 2.608946e-04 s during transient analysis
        `timeSweep'.
    Found trapezoidal ringing on node N_noxref_23_M172_noxref_g.
        Further occurrences of this notice will be suppressed.

......9......8......7......6......5......4......3......2......1......0
Number of accepted tran steps =             248

Notice from spectre during transient analysis `timeSweep'.
    Trapezoidal ringing is detected during tran analysis.
        Please use method=trap for better results and performance.


Maximum value achieved for any signal of each quantity: 
V: V(noxref_68) = 2.006e+00 V
I: I(VVDD:p) = 7.325e-04 A
If your circuit contains signals of the same quantity that are vastly different
        in size (such as high voltage circuitry combined with low voltage
        control circuitry), you should consider specifying global option
        `bin_relref=yes'.

~~~~~~~~~~~~~~~~~~~~~~~~~~~~~~~~~
Post-Transient Simulation Summary
~~~~~~~~~~~~~~~~~~~~~~~~~~~~~~~~~
   -   To further speed up simulation, consider
          add ++aps on command line
~~~~~~~~~~~~~~~~~~~~~~~~~~~~~~~~~


During simulation, the CPU load for active processors is :
         0 (21.2 %)      1 (41.2 %)      2 (40.4 %)      3 (45.8 %)
         4 (37.9 %)      5 (33.9 %)      6 (39.3 %)      7 (35.9 %)
         8 (46.4 %)      9 (33.3 %)     10 (30.5 %)     11 (20.5 %)
        12 (30.4 %)     13 (78.2 %)     14 (38.1 %)     15 (31.5 %)
        17 (57.5 %)     18 (89.1 %)     19 (22.4 %)     20 (28.6 %)
        21 (58.8 %)     22 (29.5 %)     23 (83.9 %)     24 (37.2 %)
        25 (11.6 %)     26 (14.3 %)     27 (61.6 %)     28 (31.6 %)
        29 (41.2 %)     30 (74.1 %)     31 (64.8 %)     32 (16.2 %)
        33 (5.8 %)      34 (44.3 %)     35 (67.6 %)     36 (52.0 %)
        37 (49.5 %)     38 (20.2 %)     39 (37.0 %)     40 (16.5 %)
        41 (48.8 %)     42 (57.9 %)     43 (43.3 %)     44 (27.2 %)
        45 (45.2 %)     46 (37.2 %)     47 (36.3 %)     48 (71.0 %)
        49 (38.3 %)     50 (39.6 %)     51 (5.2 %)      52 (5.3 %)
        53 (46.9 %)     54 (4.8 %)      55 (27.3 %)     56 (32.6 %)
        57 (41.5 %)     58 (23.5 %)     59 (16.5 %)     60 (9.5 %)
        61 (2.5 %)      62 (37.1 %)     63 (36.1 %)     64 (71.0 %)
        67 (52.4 %)     68 (1.3 %)      69 (6.3 %)      70 (8.8 %)
        72 (41.4 %)     73 (85.1 %)     74 (83.0 %)     76 (24.3 %)
        77 (35.2 %)     79 (25.9 %)     80 (35.6 %)     81 (81.3 %)
        82 (6.1 %)      84 (6.4 %)      86 (22.2 %)     87 (30.2 %)
        88 (54.1 %)     89 (43.4 %)     90 (2.8 %)      91 (38.3 %)
        92 (19.2 %)     93 (22.0 %)     94 (47.4 %)     95 (15.6 %)
        Total: 3216.4%
Initial condition solution time: CPU = 0.000000e+00 s, elapsed = 0.000000e+00
        s.
Intrinsic tran analysis time:    CPU = 1.176687e+00 s, elapsed = 1.176730e+00
        s.
Total time required for tran analysis `timeSweep': CPU = 1.190054e+00 s,
        elapsed = 1.190094e+00 s, util. = 1.00e+02%.
Time accumulated: CPU = 1.075946e+02 s (1m  47.6s), elapsed = 1.079784e+02 s
        (1m  48.0s).
Peak resident memory used = 2.21e+08 bytes.


Notice from spectre.
    37 notices suppressed.


*************************************************************************
Transient Analysis `timeSweep': time = (0.000000e+00 s -> 1.002577e-03 s)
*************************************************************************

Notice from spectre during transient analysis `timeSweep'.
    There are 4950 IC nodes defined.

Important parameter values:
    start = 0.000000e+00 s
    outputstart = 0.000000e+00 s
    stop = 1.002577e-03 s
    step = 1.000000e-12 s
    maxstep = 2.005153e-05 s
    ic = all
    useprevic = no
    skipdc = useprevic
    reltol = 1.000000e-03
    abstol(V) = 1.000000e-06 V
    abstol(I) = 1.000000e-12 A
    temp = 2.500000e+01 C
    tnom = 2.700000e+01 C
    tempeffects = all
    errpreset = moderate
    method = traponly
    lteratio = 3.500000e+00
    relref = sigglobal
    cmin = 0.000000e+00 F
    gmin = 1.000000e-12 S


Output and IC/nodeset summary:
                 ic     2       
                 nodeset        19      


Notice from spectre at time = 2.610911e-06 s during transient analysis
        `timeSweep'.
    Found trapezoidal ringing on node N_noxref_23_M172_noxref_g.

......9......

Notice from spectre at time = 2.029345e-04 s during transient analysis
        `timeSweep'.
    Found trapezoidal ringing on node N_noxref_23_M172_noxref_g.

......9......8

Notice from spectre at time = 2.229860e-04 s during transient analysis
        `timeSweep'.
    Found trapezoidal ringing on node N_noxref_23_M172_noxref_g.

......9......8..

Notice from spectre at time = 2.430375e-04 s during transient analysis
        `timeSweep'.
    Found trapezoidal ringing on node N_noxref_23_M172_noxref_g.

......9......8...

Notice from spectre at time = 2.630891e-04 s during transient analysis
        `timeSweep'.
    Found trapezoidal ringing on node N_noxref_23_M172_noxref_g.
        Further occurrences of this notice will be suppressed.

......9......8......7......6......5......4......3......2......1......0
Number of accepted tran steps =             250

Notice from spectre during transient analysis `timeSweep'.
    Trapezoidal ringing is detected during tran analysis.
        Please use method=trap for better results and performance.


Maximum value achieved for any signal of each quantity: 
V: V(noxref_68) = 2.006e+00 V
I: I(VVDD:p) = 7.324e-04 A
If your circuit contains signals of the same quantity that are vastly different
        in size (such as high voltage circuitry combined with low voltage
        control circuitry), you should consider specifying global option
        `bin_relref=yes'.

~~~~~~~~~~~~~~~~~~~~~~~~~~~~~~~~~
Post-Transient Simulation Summary
~~~~~~~~~~~~~~~~~~~~~~~~~~~~~~~~~
   -   To further speed up simulation, consider
          add ++aps on command line
~~~~~~~~~~~~~~~~~~~~~~~~~~~~~~~~~


During simulation, the CPU load for active processors is :
         0 (22.1 %)      1 (41.8 %)      2 (41.1 %)      3 (45.5 %)
         4 (38.6 %)      5 (34.4 %)      6 (39.9 %)      7 (35.5 %)
         8 (45.9 %)      9 (34.0 %)     10 (31.3 %)     11 (20.2 %)
        12 (30.1 %)     13 (77.3 %)     14 (37.6 %)     15 (32.3 %)
        17 (58.0 %)     18 (89.0 %)     19 (22.3 %)     20 (28.3 %)
        21 (58.1 %)     22 (29.2 %)     23 (84.1 %)     24 (37.9 %)
        25 (12.5 %)     26 (14.2 %)     27 (62.0 %)     28 (31.2 %)
        29 (40.7 %)     30 (74.4 %)     31 (64.1 %)     32 (16.0 %)
        33 (5.7 %)      34 (43.9 %)     35 (68.0 %)     36 (52.5 %)
        37 (50.0 %)     38 (21.0 %)     39 (37.7 %)     40 (16.4 %)
        41 (49.4 %)     42 (58.3 %)     43 (43.9 %)     44 (26.9 %)
        45 (44.7 %)     46 (36.8 %)     47 (35.9 %)     48 (70.2 %)
        49 (37.9 %)     50 (39.2 %)     51 (5.2 %)      52 (5.3 %)
        53 (46.4 %)     54 (4.8 %)      55 (27.0 %)     56 (33.3 %)
        57 (41.0 %)     58 (23.2 %)     59 (16.3 %)     60 (10.5 %)
        61 (2.5 %)      62 (37.7 %)     63 (35.7 %)     64 (70.2 %)
        67 (51.9 %)     68 (1.3 %)      69 (6.3 %)      70 (8.7 %)
        72 (41.0 %)     73 (84.2 %)     74 (83.2 %)     76 (24.0 %)
        77 (35.9 %)     79 (25.6 %)     80 (36.4 %)     81 (80.4 %)
        82 (6.1 %)      84 (6.3 %)      86 (22.0 %)     87 (29.9 %)
        88 (53.5 %)     89 (42.9 %)     90 (2.8 %)      91 (37.8 %)
        92 (19.0 %)     93 (22.9 %)     94 (48.0 %)     95 (15.4 %)
        Total: 3216.4%
Initial condition solution time: CPU = 0.000000e+00 s, elapsed = 0.000000e+00
        s.
Intrinsic tran analysis time:    CPU = 1.161363e+00 s, elapsed = 1.161395e+00
        s.
Total time required for tran analysis `timeSweep': CPU = 1.172997e+00 s,
        elapsed = 1.173026e+00 s, util. = 1.00e+02%.
Time accumulated: CPU = 1.088118e+02 s (1m  48.8s), elapsed = 1.091956e+02 s
        (1m  49.2s).
Peak resident memory used = 2.21e+08 bytes.


Notice from spectre.
    37 notices suppressed.
