licon		PIN		1		0
licon		LEFPIN		2		0
licon		FILL		3		0
licon		FILLOPC		4		0
licon		VIA		5		0
licon		VIAFILL		6		0
licon		VIAFILLOPC		7		0
li		NET		8		0
li		SPNET		9		0
li		PIN		10		0
li		LEFPIN		11		0
li		FILL		12		0
li		FILLOPC		13		0
li		VIA		14		0
li		VIAFILL		15		0
li		VIAFILLOPC		16		0
li		LEFOBS		17		0
NAME		li/NET		18		0
NAME		li/SPNET		19		0
NAME		li/PIN		20		0
NAME		li/LEFPIN		21		0
mcon		PIN		22		0
mcon		LEFPIN		23		0
mcon		FILL		24		0
mcon		FILLOPC		25		0
mcon		VIA		26		0
mcon		VIAFILL		27		0
mcon		VIAFILLOPC		28		0
met1		NET		29		0
met1		SPNET		30		0
met1		PIN		31		0
met1		LEFPIN		32		0
met1		FILL		33		0
met1		FILLOPC		34		0
met1		VIA		35		0
met1		VIAFILL		36		0
met1		VIAFILLOPC		37		0
met1		LEFOBS		38		0
NAME		met1/NET		39		0
NAME		met1/SPNET		40		0
NAME		met1/PIN		41		0
NAME		met1/LEFPIN		42		0
via1		PIN		43		0
via1		LEFPIN		44		0
via1		FILL		45		0
via1		FILLOPC		46		0
via1		VIA		47		0
via1		VIAFILL		48		0
via1		VIAFILLOPC		49		0
met2		NET		50		0
met2		SPNET		51		0
met2		PIN		52		0
met2		LEFPIN		53		0
met2		FILL		54		0
met2		FILLOPC		55		0
met2		VIA		56		0
met2		VIAFILL		57		0
met2		VIAFILLOPC		58		0
met2		LEFOBS		59		0
NAME		met2/NET		60		0
NAME		met2/SPNET		61		0
NAME		met2/PIN		62		0
NAME		met2/LEFPIN		63		0
via2		PIN		64		0
via2		LEFPIN		65		0
via2		FILL		66		0
via2		FILLOPC		67		0
via2		VIA		68		0
via2		VIAFILL		69		0
via2		VIAFILLOPC		70		0
met3		NET		71		0
met3		SPNET		72		0
met3		PIN		73		0
met3		LEFPIN		74		0
met3		FILL		75		0
met3		FILLOPC		76		0
met3		VIA		77		0
met3		VIAFILL		78		0
met3		VIAFILLOPC		79		0
met3		LEFOBS		80		0
NAME		met3/NET		81		0
NAME		met3/SPNET		82		0
NAME		met3/PIN		83		0
NAME		met3/LEFPIN		84		0
via3		PIN		85		0
via3		LEFPIN		86		0
via3		FILL		87		0
via3		FILLOPC		88		0
via3		VIA		89		0
via3		VIAFILL		90		0
via3		VIAFILLOPC		91		0
met4		NET		92		0
met4		SPNET		93		0
met4		PIN		94		0
met4		LEFPIN		95		0
met4		FILL		96		0
met4		FILLOPC		97		0
met4		VIA		98		0
met4		VIAFILL		99		0
met4		VIAFILLOPC		100		0
met4		LEFOBS		101		0
NAME		met4/NET		102		0
NAME		met4/SPNET		103		0
NAME		met4/PIN		104		0
NAME		met4/LEFPIN		105		0
via4		PIN		106		0
via4		LEFPIN		107		0
via4		FILL		108		0
via4		FILLOPC		109		0
via4		VIA		110		0
via4		VIAFILL		111		0
via4		VIAFILLOPC		112		0
met5		NET		113		0
met5		SPNET		114		0
met5		PIN		115		0
met5		LEFPIN		116		0
met5		FILL		117		0
met5		FILLOPC		118		0
met5		VIA		119		0
met5		VIAFILL		120		0
met5		VIAFILLOPC		121		0
met5		LEFOBS		122		0
NAME		met5/NET		123		0
NAME		met5/SPNET		124		0
NAME		met5/PIN		125		0
NAME		met5/LEFPIN		126		0
rdlcon		PIN		127		0
rdlcon		LEFPIN		128		0
rdlcon		FILL		129		0
rdlcon		FILLOPC		130		0
rdlcon		VIA		131		0
rdlcon		VIAFILL		132		0
rdlcon		VIAFILLOPC		133		0
rdl		NET		134		0
rdl		SPNET		135		0
rdl		PIN		136		0
rdl		LEFPIN		137		0
rdl		FILL		138		0
rdl		FILLOPC		139		0
rdl		VIA		140		0
rdl		VIAFILL		141		0
rdl		VIAFILLOPC		142		0
rdl		LEFOBS		143		0
NAME		rdl/NET		144		0
NAME		rdl/SPNET		145		0
NAME		rdl/PIN		146		0
NAME		rdl/LEFPIN		147		0
NAME		COMP		148		0
COMP		ALL		149		0
DIEAREA		ALL		150		0
