###############################################################
#  Generated by:      Cadence Innovus 21.16-s078_1
#  OS:                Linux x86_64(Host ID yukari.ecen.okstate.edu)
#  Generated on:      Thu Apr 10 15:16:20 2025
#  Design:            fsm
#  Command:           checkDesign -all
###############################################################
Design: fsm

------ Design Summary:
Total Standard Cell Number   (cells) : 109
Total Block Cell Number      (cells) : 0
Total I/O Pad Cell Number    (cells) : 0
Total Standard Cell Area     ( um^2) : 4664.85
Total Block Cell Area        ( um^2) : 0.00
Total I/O Pad Cell Area      ( um^2) : 0.00

------ Design Statistics:

Number of Instances            : 109
Number of Non-uniquified Insts : 109
Number of Nets                 : 121
Average number of Pins per Net : 2.95
Maximum number of Pins in Net  : 10

------ I/O Port summary

Number of Primary I/O Ports    : 19
Number of Input Ports          : 5
Number of Output Ports         : 14
Number of Bidirectional Ports  : 0
Number of Power/Ground Ports   : 0



------------------------------------------------------------
Detail report:


------ I/O Pad/Port Checking

WARN : Port error is floating in the top design.

